
   PASS  Tests\Unit\BantuanModelTest
  Γ£ô bantuan can be created                                                                                                         3.47s  
  Γ£ô bantuan belongs to user                                                                                                        0.04s  
  Γ£ô bantuan status can be updated                                                                                                  0.03s  
  Γ£ô bantuan can have various statuses                                                                                              0.03s  
  Γ£ô bantuan fillable attributes                                                                                                    0.03s  
  Γ£ô bantuan can be deleted                                                                                                         0.04s  
  Γ£ô bantuan jumlah is numeric                                                                                                      0.03s  
  Γ£ô bantuan has tanggal permintaan                                                                                                 0.03s  

   PASS  Tests\Unit\BeritaModelTest
  Γ£ô berita can be created                                                                                                          0.05s  
  Γ£ô berita slug is generated from judul                                                                                            0.02s  
  Γ£ô berita fillable attributes                                                                                                     0.03s  
  Γ£ô berita can be deleted                                                                                                          0.04s  
  Γ£ô berita can have draft or published status                                                                                      0.03s  

   PASS  Tests\Unit\FeedbackModelTest
  Γ£ô feedback can be created                                                                                                        0.03s  
  Γ£ô feedback status can be updated                                                                                                 0.03s  
  Γ£ô feedback fillable attributes                                                                                                   0.01s  
  Γ£ô feedback can be deleted                                                                                                        0.04s  

   PASS  Tests\Unit\GaleriModelTest
  Γ£ô galeri can be created                                                                                                          0.04s  
  Γ£ô galeri fillable attributes                                                                                                     0.04s  
  Γ£ô galeri can be deleted                                                                                                          0.03s  

   PASS  Tests\Unit\LaporanModelTest
  Γ£ô laporan can be created                                                                                                         0.04s  
  Γ£ô laporan belongs to user                                                                                                        0.03s  
  Γ£ô laporan status can be updated                                                                                                  0.03s  
  Γ£ô laporan can have various statuses                                                                                              0.03s  
  Γ£ô laporan fillable attributes                                                                                                    0.02s  
  Γ£ô laporan can be deleted                                                                                                         0.04s  
  Γ£ô laporan has tanggal panen                                                                                                      0.03s  
  Γ£ô laporan hasil panen is numeric                                                                                                 0.03s  

   PASS  Tests\Unit\NewsletterModelTest
  Γ£ô newsletter can be created                                                                                                      0.04s  
  Γ£ô newsletter email must be unique                                                                                                0.03s  
  Γ£ô newsletter status can be active or unsubscribed                                                                                0.03s  
  Γ£ô newsletter fillable attributes                                                                                                 0.03s  
  Γ£ô newsletter can be deleted                                                                                                      0.01s  

   PASS  Tests\Unit\UserModelTest
  Γ£ô user can be created                                                                                                            0.26s  
  Γ£ô user password is hashed                                                                                                        0.48s  
  Γ£ô user has role attribute                                                                                                        0.04s  
  Γ£ô user can be verified                                                                                                           0.03s  
  Γ£ô user has many laporans                                                                                                         0.03s  
  Γ£ô user has many bantuans                                                                                                         0.04s  
  Γ£ô user fillable attributes                                                                                                       0.02s  
  Γ£ô user hidden attributes                                                                                                         0.23s  
  Γ£ô user can be deleted                                                                                                            0.01s  
  Γ£ô user email must be unique                                                                                                      0.03s  

   FAIL  Tests\Feature\Admin\BeritaControllerTest
  Γ£ô admin can view berita index                                                                                                    0.07s  
  Γ£ô non admin cannot access berita index                                                                                           0.03s  
  Γ£ô guest cannot access berita index                                                                                               0.03s  
  Γ£ô admin can view create berita page                                                                                              0.04s  
  Γ¿» admin can create berita                                                                                                        0.07s  
  Γ£ô admin can view edit berita page                                                                                                0.05s  
  Γ¿» admin can update berita                                                                                                        0.04s  
  Γ¿» admin can delete berita                                                                                                        0.05s  
  Γ¿» berita creation requires judul                                                                                                 0.04s  
  Γ¿» berita creation requires konten                                                                                                0.03s  
  Γ¿» berita slug is generated automatically                                                                                         0.03s  

   FAIL  Tests\Feature\Admin\GaleriControllerTest
  Γ¿» admin can view galeri index                                                                                                    1.10s  
  Γ£ô non admin cannot access galeri index                                                                                           0.03s  
  Γ¿» admin can create galeri                                                                                                        0.04s  
  Γ¿» admin can update galeri                                                                                                        0.05s  
  Γ¿» admin can delete galeri                                                                                                        0.04s  
  Γ¿» galeri creation requires judul                                                                                                 0.04s  
  Γ¿» galeri creation requires gambar                                                                                                0.03s  

   FAIL  Tests\Feature\Auth\LoginTest
  Γ£ô login page can be displayed                                                                                                    0.06s  
  Γ¿» user can login with valid credentials                                                                                          0.30s  
  Γ¿» user cannot login with invalid credentials                                                                                     0.31s  
  Γ¿» admin redirected to dashboard after login                                                                                      0.31s  
  Γ¿» petugas redirected to dashboard after login                                                                                    0.25s  
  Γ¿» petani redirected to dashboard after login                                                                                     0.25s  
  Γ¿» unverified petani cannot login                                                                                                 0.26s  
  Γ£ô authenticated user cannot access login page                                                                                    0.04s  
  Γ¿» user can logout                                                                                                                0.04s  
  Γ¿» login requires email                                                                                                           0.03s  
  Γ¿» login requires password                                                                                                        0.03s  
  Γ¿» login requires valid email format                                                                                              0.03s  

   FAIL  Tests\Feature\Auth\RegisterTest
  Γ£ô registration page can be displayed                                                                                             0.07s  
  Γ¿» user can register as petani                                                                                                    0.04s  
  Γ¿» registration requires name                                                                                                     0.03s  
  Γ¿» registration requires email                                                                                                    0.02s  
  Γ¿» registration requires valid email                                                                                              0.02s  
  Γ¿» registration requires unique email                                                                                             0.03s  
  Γ¿» registration requires password                                                                                                 0.03s  
  Γ¿» registration requires password confirmation                                                                                    0.03s  
  Γ¿» registration requires minimum password length                                                                                  0.03s  
  Γ¿» password is hashed after registration                                                                                          0.03s  
  Γ£ô authenticated user cannot access registration page                                                                             0.04s  
  Γ¿» new petani is not verified by default                                                                                          0.04s  
  Γ¿» registration stores alamat desa and kecamatan                                                                                  0.02s  

   FAIL  Tests\Feature\Guest\GuestControllerTest
  Γ£ô guest can view homepage                                                                                                        0.05s  
  Γ£ô guest can view tentang page                                                                                                    0.04s  
  Γ£ô guest can view kontak page                                                                                                     0.03s  
  Γ£ô guest can view berita page                                                                                                     0.04s  
  Γ£ô guest can view berita detail                                                                                                   0.03s  
  Γ£ô guest can view galeri page                                                                                                     0.03s  
  Γ¿» guest can subscribe to newsletter                                                                                              0.03s  
  Γ¿» guest cannot subscribe with duplicate email                                                                                    0.03s  
  Γ¿» guest can submit feedback                                                                                                      0.02s  
  Γ¿» feedback requires nama                                                                                                         0.03s  
  Γ¿» feedback requires email                                                                                                        0.03s  
  Γ¿» feedback requires valid email                                                                                                  0.02s  
  Γ¿» feedback requires subjek                                                                                                       0.03s  
  Γ¿» feedback requires pesan                                                                                                        0.03s  
  Γ¿» newsletter subscription requires email                                                                                         0.03s  
  Γ¿» newsletter subscription requires valid email                                                                                   0.03s  

   FAIL  Tests\Feature\IntegrationTest
  Γ¿» complete petani registration and verification flow                                                                             0.06s  
  Γ¿» complete laporan creation and verification flow                                                                                0.04s  
  Γ¿» complete bantuan request and approval flow                                                                                     0.04s  
  Γ£ô role based access control                                                                                                      0.10s  
  Γ¿» multi user workflow                                                                                                            0.04s  

   FAIL  Tests\Feature\Petani\PetaniBantuanTest
  Γ£ô petani can view their bantuan index                                                                                            0.03s  
  Γ¿» petani can create bantuan request                                                                                              0.03s  
  Γ£ô petani can view their own bantuan                                                                                              0.04s  
  Γ¿» petani can edit their pending bantuan                                                                                          0.04s  
  Γ£ô petani cannot edit other petani bantuan                                                                                        0.03s  
  Γ¿» petani can delete their pending bantuan                                                                                        0.05s  
  Γ¿» bantuan creation requires jenis bantuan                                                                                        0.04s  
  Γ¿» bantuan creation requires jumlah                                                                                               0.03s  

   FAIL  Tests\Feature\Petani\PetaniLaporanTest
  Γ£ô petani can view their laporan index                                                                                            0.03s  
  Γ¿» petani can create laporan                                                                                                      0.02s  
  Γ£ô petani can view their own laporan                                                                                              0.05s  
  Γ¿» petani can edit their own laporan                                                                                              0.02s  
  Γ£ô petani cannot edit other petani laporan                                                                                        0.04s  
  Γ¿» petani can delete their own laporan                                                                                            0.05s  
  Γ¿» laporan creation requires jenis tanaman                                                                                        0.04s  
  Γ¿» laporan creation requires hasil panen                                                                                          0.03s  
  Γ¿» laporan creation requires tanggal panen                                                                                        0.03s  
  Γ£ô unverified petani cannot create laporan                                                                                        0.03s  

   FAIL  Tests\Feature\Petugas\PetugasLaporanTest
  Γ£ô petugas can view laporan index                                                                                                 0.05s  
  Γ£ô non petugas cannot access laporan index                                                                                        0.04s  
  Γ£ô petugas can view laporan detail                                                                                                0.04s  
  Γ¿» petugas can verify laporan                                                                                                     0.04s  
  Γ¿» petugas can reject laporan                                                                                                     0.05s  
  Γ¿» petani cannot verify laporan                                                                                                   0.04s  

   FAIL  Tests\Feature\Petugas\PetugasPetaniTest
  Γ£ô petugas can view petani index                                                                                                  0.06s  
  Γ£ô petugas can view petani detail                                                                                                 0.07s  
  Γ¿» petugas can verify petani                                                                                                      0.02s  
  Γ¿» petugas can reject petani                                                                                                      0.04s  
  Γ£ô non petugas cannot access petani verification                                                                                  0.03s  
  Γ£ô verified petani shows verified badge                                                                                           0.07s  
  Γ£ô unverified petani shows pending status                                                                                         0.07s  

   FAIL  Tests\Feature\SecurityFeaturesTest
  Γ¿» email verification routes exist                                                                                                0.02s  
  Γ£ô user model implements must verify email                                                                                        0.02s  
  Γ£ô rate limiting configuration exists                                                                                             0.03s  
  Γ£ô sql injection protection                                                                                                       0.03s  
  Γ£ô xss protection                                                                                                                 0.03s  
  Γ£ô xss middleware sanitization                                                                                                    0.04s  
  Γ£ô security headers are set                                                                                                       0.04s  
  Γ£ô file upload service accepts valid image                                                                                        0.04s  
  Γ£ô file upload service rejects invalid type                                                                                       0.03s  
  Γ£ô file upload service rejects oversized file                                                                                     0.03s  
  Γ£ô eloquent uses prepared statements                                                                                              0.02s  
  Γ£ô csrf protection is active                                                                                                      0.01s  
  Γ¿» unverified user cannot access protected routes                                                                                 0.11s  
  Γ£ô verified user can access protected routes                                                                                      0.03s  
  Γ£ô passwords are hashed                                                                                                           0.49s  
  ΓöÇΓöÇΓöÇΓöÇΓöÇΓöÇΓöÇΓöÇΓöÇΓöÇΓöÇΓöÇΓöÇΓöÇΓöÇΓöÇΓöÇΓöÇΓöÇΓöÇΓöÇΓöÇΓöÇΓöÇΓöÇΓöÇΓöÇΓöÇΓöÇΓöÇΓöÇΓöÇΓöÇΓöÇΓöÇΓöÇΓöÇΓöÇΓöÇΓöÇΓöÇΓöÇΓöÇΓöÇΓöÇΓöÇΓöÇΓöÇΓöÇΓöÇΓöÇΓöÇΓöÇΓöÇΓöÇΓöÇΓöÇΓöÇΓöÇΓöÇΓöÇΓöÇΓöÇΓöÇΓöÇΓöÇΓöÇΓöÇΓöÇΓöÇΓöÇΓöÇΓöÇΓöÇΓöÇΓöÇΓöÇΓöÇΓöÇΓöÇΓöÇΓöÇΓöÇΓöÇΓöÇΓöÇΓöÇΓöÇΓöÇΓöÇΓöÇΓöÇΓöÇΓöÇΓöÇΓöÇΓöÇΓöÇΓöÇΓöÇΓöÇΓöÇΓöÇΓöÇΓöÇΓöÇΓöÇΓöÇΓöÇΓöÇΓöÇΓöÇΓöÇΓöÇΓöÇΓöÇΓöÇΓöÇΓöÇΓöÇΓöÇΓöÇΓöÇΓöÇΓöÇΓöÇΓöÇΓöÇΓöÇΓöÇΓöÇΓöÇΓöÇΓöÇ  
   FAILED  Tests\Feature\Admin\BeritaControllerTest > admin can create berita                                                             
  Failed asserting that a row in the table [beritas] matches the attributes {
    "judul": "Test Berita Pertanian",
    "kategori": "Teknologi",
    "status": "published"
}.

The table is empty.

  at tests\Feature\Admin\BeritaControllerTest.php:80
     76Γûò             'status' => 'published',
     77Γûò             'gambar' => UploadedFile::fake()->image('berita.jpg'),
     78Γûò         ]);
     79Γûò 
  Γ₧£  80Γûò         $this->assertDatabaseHas('beritas', [
     81Γûò             'judul' => 'Test Berita Pertanian',
     82Γûò             'kategori' => 'Teknologi',
     83Γûò             'status' => 'published',
     84Γûò         ]);

  ΓöÇΓöÇΓöÇΓöÇΓöÇΓöÇΓöÇΓöÇΓöÇΓöÇΓöÇΓöÇΓöÇΓöÇΓöÇΓöÇΓöÇΓöÇΓöÇΓöÇΓöÇΓöÇΓöÇΓöÇΓöÇΓöÇΓöÇΓöÇΓöÇΓöÇΓöÇΓöÇΓöÇΓöÇΓöÇΓöÇΓöÇΓöÇΓöÇΓöÇΓöÇΓöÇΓöÇΓöÇΓöÇΓöÇΓöÇΓöÇΓöÇΓöÇΓöÇΓöÇΓöÇΓöÇΓöÇΓöÇΓöÇΓöÇΓöÇΓöÇΓöÇΓöÇΓöÇΓöÇΓöÇΓöÇΓöÇΓöÇΓöÇΓöÇΓöÇΓöÇΓöÇΓöÇΓöÇΓöÇΓöÇΓöÇΓöÇΓöÇΓöÇΓöÇΓöÇΓöÇΓöÇΓöÇΓöÇΓöÇΓöÇΓöÇΓöÇΓöÇΓöÇΓöÇΓöÇΓöÇΓöÇΓöÇΓöÇΓöÇΓöÇΓöÇΓöÇΓöÇΓöÇΓöÇΓöÇΓöÇΓöÇΓöÇΓöÇΓöÇΓöÇΓöÇΓöÇΓöÇΓöÇΓöÇΓöÇΓöÇΓöÇΓöÇΓöÇΓöÇΓöÇΓöÇΓöÇΓöÇΓöÇΓöÇΓöÇΓöÇΓöÇΓöÇ  
   FAILED  Tests\Feature\Admin\BeritaControllerTest > admin can update berita                                                             
  Failed asserting that a row in the table [beritas] matches the attributes {
    "id": 7,
    "judul": "Updated Berita",
    "status": "published"
}.

Found similar results: [
    {
        "id": 7,
        "judul": "Old Berita",
        "status": "draft"
    }
].

  at tests\Feature\Admin\BeritaControllerTest.php:130
    126Γûò             'kategori' => 'Updated Kategori',
    127Γûò             'status' => 'published',
    128Γûò         ]);
    129Γûò 
  Γ₧£ 130Γûò         $this->assertDatabaseHas('beritas', [
    131Γûò             'id' => $berita->id,
    132Γûò             'judul' => 'Updated Berita',
    133Γûò             'status' => 'published',
    134Γûò         ]);

  ΓöÇΓöÇΓöÇΓöÇΓöÇΓöÇΓöÇΓöÇΓöÇΓöÇΓöÇΓöÇΓöÇΓöÇΓöÇΓöÇΓöÇΓöÇΓöÇΓöÇΓöÇΓöÇΓöÇΓöÇΓöÇΓöÇΓöÇΓöÇΓöÇΓöÇΓöÇΓöÇΓöÇΓöÇΓöÇΓöÇΓöÇΓöÇΓöÇΓöÇΓöÇΓöÇΓöÇΓöÇΓöÇΓöÇΓöÇΓöÇΓöÇΓöÇΓöÇΓöÇΓöÇΓöÇΓöÇΓöÇΓöÇΓöÇΓöÇΓöÇΓöÇΓöÇΓöÇΓöÇΓöÇΓöÇΓöÇΓöÇΓöÇΓöÇΓöÇΓöÇΓöÇΓöÇΓöÇΓöÇΓöÇΓöÇΓöÇΓöÇΓöÇΓöÇΓöÇΓöÇΓöÇΓöÇΓöÇΓöÇΓöÇΓöÇΓöÇΓöÇΓöÇΓöÇΓöÇΓöÇΓöÇΓöÇΓöÇΓöÇΓöÇΓöÇΓöÇΓöÇΓöÇΓöÇΓöÇΓöÇΓöÇΓöÇΓöÇΓöÇΓöÇΓöÇΓöÇΓöÇΓöÇΓöÇΓöÇΓöÇΓöÇΓöÇΓöÇΓöÇΓöÇΓöÇΓöÇΓöÇΓöÇΓöÇΓöÇΓöÇΓöÇΓöÇ  
   FAILED  Tests\Feature\Admin\BeritaControllerTest > admin can delete berita                                                             
  Failed asserting that a row in the table [beritas] does not match the attributes {
    "id": 8
}.

Found similar results: [
    {
        "id": 8
    }
].

  at tests\Feature\Admin\BeritaControllerTest.php:155
    151Γûò         ]);
    152Γûò 
    153Γûò         $response = $this->actingAs($admin)->delete("/admin/berita/{$berita->id}");
    154Γûò 
  Γ₧£ 155Γûò         $this->assertDatabaseMissing('beritas', [
    156Γûò             'id' => $berita->id,
    157Γûò         ]);
    158Γûò 
    159Γûò         $response->assertRedirect('/admin/berita');

  ΓöÇΓöÇΓöÇΓöÇΓöÇΓöÇΓöÇΓöÇΓöÇΓöÇΓöÇΓöÇΓöÇΓöÇΓöÇΓöÇΓöÇΓöÇΓöÇΓöÇΓöÇΓöÇΓöÇΓöÇΓöÇΓöÇΓöÇΓöÇΓöÇΓöÇΓöÇΓöÇΓöÇΓöÇΓöÇΓöÇΓöÇΓöÇΓöÇΓöÇΓöÇΓöÇΓöÇΓöÇΓöÇΓöÇΓöÇΓöÇΓöÇΓöÇΓöÇΓöÇΓöÇΓöÇΓöÇΓöÇΓöÇΓöÇΓöÇΓöÇΓöÇΓöÇΓöÇΓöÇΓöÇΓöÇΓöÇΓöÇΓöÇΓöÇΓöÇΓöÇΓöÇΓöÇΓöÇΓöÇΓöÇΓöÇΓöÇΓöÇΓöÇΓöÇΓöÇΓöÇΓöÇΓöÇΓöÇΓöÇΓöÇΓöÇΓöÇΓöÇΓöÇΓöÇΓöÇΓöÇΓöÇΓöÇΓöÇΓöÇΓöÇΓöÇΓöÇΓöÇΓöÇΓöÇΓöÇΓöÇΓöÇΓöÇΓöÇΓöÇΓöÇΓöÇΓöÇΓöÇΓöÇΓöÇΓöÇΓöÇΓöÇΓöÇΓöÇΓöÇΓöÇΓöÇΓöÇΓöÇΓöÇΓöÇΓöÇΓöÇΓöÇΓöÇ  
   FAILED  Tests\Feature\Admin\BeritaControllerTest > berita creation requires judul                                                      
  Session is missing expected key [errors].
Failed asserting that false is true.

  at tests\Feature\Admin\BeritaControllerTest.php:175
    171Γûò             'konten' => 'Test konten',
    172Γûò             'status' => 'published',
    173Γûò         ]);
    174Γûò 
  Γ₧£ 175Γûò         $response->assertSessionHasErrors('judul');
    176Γûò     }
    177Γûò 
    178Γûò     /**
    179Γûò      * Test berita creation requires konten.

  ΓöÇΓöÇΓöÇΓöÇΓöÇΓöÇΓöÇΓöÇΓöÇΓöÇΓöÇΓöÇΓöÇΓöÇΓöÇΓöÇΓöÇΓöÇΓöÇΓöÇΓöÇΓöÇΓöÇΓöÇΓöÇΓöÇΓöÇΓöÇΓöÇΓöÇΓöÇΓöÇΓöÇΓöÇΓöÇΓöÇΓöÇΓöÇΓöÇΓöÇΓöÇΓöÇΓöÇΓöÇΓöÇΓöÇΓöÇΓöÇΓöÇΓöÇΓöÇΓöÇΓöÇΓöÇΓöÇΓöÇΓöÇΓöÇΓöÇΓöÇΓöÇΓöÇΓöÇΓöÇΓöÇΓöÇΓöÇΓöÇΓöÇΓöÇΓöÇΓöÇΓöÇΓöÇΓöÇΓöÇΓöÇΓöÇΓöÇΓöÇΓöÇΓöÇΓöÇΓöÇΓöÇΓöÇΓöÇΓöÇΓöÇΓöÇΓöÇΓöÇΓöÇΓöÇΓöÇΓöÇΓöÇΓöÇΓöÇΓöÇΓöÇΓöÇΓöÇΓöÇΓöÇΓöÇΓöÇΓöÇΓöÇΓöÇΓöÇΓöÇΓöÇΓöÇΓöÇΓöÇΓöÇΓöÇΓöÇΓöÇΓöÇΓöÇΓöÇΓöÇΓöÇΓöÇΓöÇΓöÇΓöÇΓöÇΓöÇΓöÇΓöÇΓöÇ  
   FAILED  Tests\Feature\Admin\BeritaControllerTest > berita creation requires konten                                                     
  Session is missing expected key [errors].
Failed asserting that false is true.

  at tests\Feature\Admin\BeritaControllerTest.php:190
    186Γûò             'judul' => 'Test Berita',
    187Γûò             'status' => 'published',
    188Γûò         ]);
    189Γûò 
  Γ₧£ 190Γûò         $response->assertSessionHasErrors('konten');
    191Γûò     }
    192Γûò 
    193Γûò     /**
    194Γûò      * Test berita slug is generated automatically.

  ΓöÇΓöÇΓöÇΓöÇΓöÇΓöÇΓöÇΓöÇΓöÇΓöÇΓöÇΓöÇΓöÇΓöÇΓöÇΓöÇΓöÇΓöÇΓöÇΓöÇΓöÇΓöÇΓöÇΓöÇΓöÇΓöÇΓöÇΓöÇΓöÇΓöÇΓöÇΓöÇΓöÇΓöÇΓöÇΓöÇΓöÇΓöÇΓöÇΓöÇΓöÇΓöÇΓöÇΓöÇΓöÇΓöÇΓöÇΓöÇΓöÇΓöÇΓöÇΓöÇΓöÇΓöÇΓöÇΓöÇΓöÇΓöÇΓöÇΓöÇΓöÇΓöÇΓöÇΓöÇΓöÇΓöÇΓöÇΓöÇΓöÇΓöÇΓöÇΓöÇΓöÇΓöÇΓöÇΓöÇΓöÇΓöÇΓöÇΓöÇΓöÇΓöÇΓöÇΓöÇΓöÇΓöÇΓöÇΓöÇΓöÇΓöÇΓöÇΓöÇΓöÇΓöÇΓöÇΓöÇΓöÇΓöÇΓöÇΓöÇΓöÇΓöÇΓöÇΓöÇΓöÇΓöÇΓöÇΓöÇΓöÇΓöÇΓöÇΓöÇΓöÇΓöÇΓöÇΓöÇΓöÇΓöÇΓöÇΓöÇΓöÇΓöÇΓöÇΓöÇΓöÇΓöÇΓöÇΓöÇΓöÇΓöÇΓöÇΓöÇΓöÇΓöÇ  
   FAILED  Tests\Feature\Admin\BeritaControllerTest > berita slug is generated automatically                                              
  Failed asserting that a row in the table [beritas] matches the attributes {
    "judul": "Test Berita Pertanian Modern",
    "slug": "test-berita-pertanian-modern"
}.

The table is empty.

  at tests\Feature\Admin\BeritaControllerTest.php:206
    202Γûò             'konten' => 'Test konten yang panjang',
    203Γûò             'status' => 'published',
    204Γûò         ]);
    205Γûò 
  Γ₧£ 206Γûò         $this->assertDatabaseHas('beritas', [
    207Γûò             'judul' => 'Test Berita Pertanian Modern',
    208Γûò             'slug' => 'test-berita-pertanian-modern',
    209Γûò         ]);
    210Γûò     }

  ΓöÇΓöÇΓöÇΓöÇΓöÇΓöÇΓöÇΓöÇΓöÇΓöÇΓöÇΓöÇΓöÇΓöÇΓöÇΓöÇΓöÇΓöÇΓöÇΓöÇΓöÇΓöÇΓöÇΓöÇΓöÇΓöÇΓöÇΓöÇΓöÇΓöÇΓöÇΓöÇΓöÇΓöÇΓöÇΓöÇΓöÇΓöÇΓöÇΓöÇΓöÇΓöÇΓöÇΓöÇΓöÇΓöÇΓöÇΓöÇΓöÇΓöÇΓöÇΓöÇΓöÇΓöÇΓöÇΓöÇΓöÇΓöÇΓöÇΓöÇΓöÇΓöÇΓöÇΓöÇΓöÇΓöÇΓöÇΓöÇΓöÇΓöÇΓöÇΓöÇΓöÇΓöÇΓöÇΓöÇΓöÇΓöÇΓöÇΓöÇΓöÇΓöÇΓöÇΓöÇΓöÇΓöÇΓöÇΓöÇΓöÇΓöÇΓöÇΓöÇΓöÇΓöÇΓöÇΓöÇΓöÇΓöÇΓöÇΓöÇΓöÇΓöÇΓöÇΓöÇΓöÇΓöÇΓöÇΓöÇΓöÇΓöÇΓöÇΓöÇΓöÇΓöÇΓöÇΓöÇΓöÇΓöÇΓöÇΓöÇΓöÇΓöÇΓöÇΓöÇΓöÇΓöÇΓöÇΓöÇΓöÇΓöÇΓöÇΓöÇΓöÇΓöÇ  
   FAILED  Tests\Feature\Admin\GaleriControllerTest > admin can view galeri index                                                         
  Expected response status code [200] but received 500.
Failed asserting that 500 is identical to 200.

  at tests\Feature\Admin\GaleriControllerTest.php:22
     18Γûò         $admin = User::factory()->create(['role' => 'admin']);
     19Γûò 
     20Γûò         $response = $this->actingAs($admin)->get('/admin/galeri');
     21Γûò 
  Γ₧£  22Γûò         $response->assertStatus(200);
     23Γûò         $response->assertViewIs('admin.galeri.index');
     24Γûò         $response->assertViewHas('galeris');
     25Γûò     }
     26Γûò

  ΓöÇΓöÇΓöÇΓöÇΓöÇΓöÇΓöÇΓöÇΓöÇΓöÇΓöÇΓöÇΓöÇΓöÇΓöÇΓöÇΓöÇΓöÇΓöÇΓöÇΓöÇΓöÇΓöÇΓöÇΓöÇΓöÇΓöÇΓöÇΓöÇΓöÇΓöÇΓöÇΓöÇΓöÇΓöÇΓöÇΓöÇΓöÇΓöÇΓöÇΓöÇΓöÇΓöÇΓöÇΓöÇΓöÇΓöÇΓöÇΓöÇΓöÇΓöÇΓöÇΓöÇΓöÇΓöÇΓöÇΓöÇΓöÇΓöÇΓöÇΓöÇΓöÇΓöÇΓöÇΓöÇΓöÇΓöÇΓöÇΓöÇΓöÇΓöÇΓöÇΓöÇΓöÇΓöÇΓöÇΓöÇΓöÇΓöÇΓöÇΓöÇΓöÇΓöÇΓöÇΓöÇΓöÇΓöÇΓöÇΓöÇΓöÇΓöÇΓöÇΓöÇΓöÇΓöÇΓöÇΓöÇΓöÇΓöÇΓöÇΓöÇΓöÇΓöÇΓöÇΓöÇΓöÇΓöÇΓöÇΓöÇΓöÇΓöÇΓöÇΓöÇΓöÇΓöÇΓöÇΓöÇΓöÇΓöÇΓöÇΓöÇΓöÇΓöÇΓöÇΓöÇΓöÇΓöÇΓöÇΓöÇΓöÇΓöÇΓöÇΓöÇΓöÇ  
   FAILED  Tests\Feature\Admin\GaleriControllerTest > admin can create galeri                                                             
  Failed asserting that a row in the table [galeris] matches the attributes {
    "judul": "Test Galeri Panen",
    "kategori": "Panen"
}.

The table is empty.

  at tests\Feature\Admin\GaleriControllerTest.php:55
     51Γûò             'kategori' => 'Panen',
     52Γûò             'gambar' => UploadedFile::fake()->image('galeri.jpg'),
     53Γûò         ]);
     54Γûò 
  Γ₧£  55Γûò         $this->assertDatabaseHas('galeris', [
     56Γûò             'judul' => 'Test Galeri Panen',
     57Γûò             'kategori' => 'Panen',
     58Γûò         ]);
     59Γûò

  ΓöÇΓöÇΓöÇΓöÇΓöÇΓöÇΓöÇΓöÇΓöÇΓöÇΓöÇΓöÇΓöÇΓöÇΓöÇΓöÇΓöÇΓöÇΓöÇΓöÇΓöÇΓöÇΓöÇΓöÇΓöÇΓöÇΓöÇΓöÇΓöÇΓöÇΓöÇΓöÇΓöÇΓöÇΓöÇΓöÇΓöÇΓöÇΓöÇΓöÇΓöÇΓöÇΓöÇΓöÇΓöÇΓöÇΓöÇΓöÇΓöÇΓöÇΓöÇΓöÇΓöÇΓöÇΓöÇΓöÇΓöÇΓöÇΓöÇΓöÇΓöÇΓöÇΓöÇΓöÇΓöÇΓöÇΓöÇΓöÇΓöÇΓöÇΓöÇΓöÇΓöÇΓöÇΓöÇΓöÇΓöÇΓöÇΓöÇΓöÇΓöÇΓöÇΓöÇΓöÇΓöÇΓöÇΓöÇΓöÇΓöÇΓöÇΓöÇΓöÇΓöÇΓöÇΓöÇΓöÇΓöÇΓöÇΓöÇΓöÇΓöÇΓöÇΓöÇΓöÇΓöÇΓöÇΓöÇΓöÇΓöÇΓöÇΓöÇΓöÇΓöÇΓöÇΓöÇΓöÇΓöÇΓöÇΓöÇΓöÇΓöÇΓöÇΓöÇΓöÇΓöÇΓöÇΓöÇΓöÇΓöÇΓöÇΓöÇΓöÇΓöÇΓöÇ  
   FAILED  Tests\Feature\Admin\GaleriControllerTest > admin can update galeri                                                             
  Failed asserting that a row in the table [galeris] matches the attributes {
    "id": 3,
    "judul": "Updated Galeri"
}.

Found similar results: [
    {
        "id": 3,
        "judul": "Old Galeri"
    }
].

  at tests\Feature\Admin\GaleriControllerTest.php:82
     78Γûò             'deskripsi' => 'Updated deskripsi',
     79Γûò             'kategori' => 'Penanaman',
     80Γûò         ]);
     81Γûò 
  Γ₧£  82Γûò         $this->assertDatabaseHas('galeris', [
     83Γûò             'id' => $galeri->id,
     84Γûò             'judul' => 'Updated Galeri',
     85Γûò         ]);
     86Γûò

  ΓöÇΓöÇΓöÇΓöÇΓöÇΓöÇΓöÇΓöÇΓöÇΓöÇΓöÇΓöÇΓöÇΓöÇΓöÇΓöÇΓöÇΓöÇΓöÇΓöÇΓöÇΓöÇΓöÇΓöÇΓöÇΓöÇΓöÇΓöÇΓöÇΓöÇΓöÇΓöÇΓöÇΓöÇΓöÇΓöÇΓöÇΓöÇΓöÇΓöÇΓöÇΓöÇΓöÇΓöÇΓöÇΓöÇΓöÇΓöÇΓöÇΓöÇΓöÇΓöÇΓöÇΓöÇΓöÇΓöÇΓöÇΓöÇΓöÇΓöÇΓöÇΓöÇΓöÇΓöÇΓöÇΓöÇΓöÇΓöÇΓöÇΓöÇΓöÇΓöÇΓöÇΓöÇΓöÇΓöÇΓöÇΓöÇΓöÇΓöÇΓöÇΓöÇΓöÇΓöÇΓöÇΓöÇΓöÇΓöÇΓöÇΓöÇΓöÇΓöÇΓöÇΓöÇΓöÇΓöÇΓöÇΓöÇΓöÇΓöÇΓöÇΓöÇΓöÇΓöÇΓöÇΓöÇΓöÇΓöÇΓöÇΓöÇΓöÇΓöÇΓöÇΓöÇΓöÇΓöÇΓöÇΓöÇΓöÇΓöÇΓöÇΓöÇΓöÇΓöÇΓöÇΓöÇΓöÇΓöÇΓöÇΓöÇΓöÇΓöÇΓöÇΓöÇ  
   FAILED  Tests\Feature\Admin\GaleriControllerTest > admin can delete galeri                                                             
  Failed asserting that a row in the table [galeris] does not match the attributes {
    "id": 4
}.

Found similar results: [
    {
        "id": 4
    }
].

  at tests\Feature\Admin\GaleriControllerTest.php:105
    101Γûò         ]);
    102Γûò 
    103Γûò         $response = $this->actingAs($admin)->delete("/admin/galeri/{$galeri->id}");
    104Γûò 
  Γ₧£ 105Γûò         $this->assertDatabaseMissing('galeris', [
    106Γûò             'id' => $galeri->id,
    107Γûò         ]);
    108Γûò 
    109Γûò         $response->assertRedirect('/admin/galeri');

  ΓöÇΓöÇΓöÇΓöÇΓöÇΓöÇΓöÇΓöÇΓöÇΓöÇΓöÇΓöÇΓöÇΓöÇΓöÇΓöÇΓöÇΓöÇΓöÇΓöÇΓöÇΓöÇΓöÇΓöÇΓöÇΓöÇΓöÇΓöÇΓöÇΓöÇΓöÇΓöÇΓöÇΓöÇΓöÇΓöÇΓöÇΓöÇΓöÇΓöÇΓöÇΓöÇΓöÇΓöÇΓöÇΓöÇΓöÇΓöÇΓöÇΓöÇΓöÇΓöÇΓöÇΓöÇΓöÇΓöÇΓöÇΓöÇΓöÇΓöÇΓöÇΓöÇΓöÇΓöÇΓöÇΓöÇΓöÇΓöÇΓöÇΓöÇΓöÇΓöÇΓöÇΓöÇΓöÇΓöÇΓöÇΓöÇΓöÇΓöÇΓöÇΓöÇΓöÇΓöÇΓöÇΓöÇΓöÇΓöÇΓöÇΓöÇΓöÇΓöÇΓöÇΓöÇΓöÇΓöÇΓöÇΓöÇΓöÇΓöÇΓöÇΓöÇΓöÇΓöÇΓöÇΓöÇΓöÇΓöÇΓöÇΓöÇΓöÇΓöÇΓöÇΓöÇΓöÇΓöÇΓöÇΓöÇΓöÇΓöÇΓöÇΓöÇΓöÇΓöÇΓöÇΓöÇΓöÇΓöÇΓöÇΓöÇΓöÇΓöÇΓöÇΓöÇ  
   FAILED  Tests\Feature\Admin\GaleriControllerTest > galeri creation requires judul                                                      
  Session is missing expected key [errors].
Failed asserting that false is true.

  at tests\Feature\Admin\GaleriControllerTest.php:124
    120Γûò         $response = $this->actingAs($admin)->post('/admin/galeri', [
    121Γûò             'deskripsi' => 'Test deskripsi',
    122Γûò         ]);
    123Γûò 
  Γ₧£ 124Γûò         $response->assertSessionHasErrors('judul');
    125Γûò     }
    126Γûò 
    127Γûò     /**
    128Γûò      * Test galeri creation requires gambar.

  ΓöÇΓöÇΓöÇΓöÇΓöÇΓöÇΓöÇΓöÇΓöÇΓöÇΓöÇΓöÇΓöÇΓöÇΓöÇΓöÇΓöÇΓöÇΓöÇΓöÇΓöÇΓöÇΓöÇΓöÇΓöÇΓöÇΓöÇΓöÇΓöÇΓöÇΓöÇΓöÇΓöÇΓöÇΓöÇΓöÇΓöÇΓöÇΓöÇΓöÇΓöÇΓöÇΓöÇΓöÇΓöÇΓöÇΓöÇΓöÇΓöÇΓöÇΓöÇΓöÇΓöÇΓöÇΓöÇΓöÇΓöÇΓöÇΓöÇΓöÇΓöÇΓöÇΓöÇΓöÇΓöÇΓöÇΓöÇΓöÇΓöÇΓöÇΓöÇΓöÇΓöÇΓöÇΓöÇΓöÇΓöÇΓöÇΓöÇΓöÇΓöÇΓöÇΓöÇΓöÇΓöÇΓöÇΓöÇΓöÇΓöÇΓöÇΓöÇΓöÇΓöÇΓöÇΓöÇΓöÇΓöÇΓöÇΓöÇΓöÇΓöÇΓöÇΓöÇΓöÇΓöÇΓöÇΓöÇΓöÇΓöÇΓöÇΓöÇΓöÇΓöÇΓöÇΓöÇΓöÇΓöÇΓöÇΓöÇΓöÇΓöÇΓöÇΓöÇΓöÇΓöÇΓöÇΓöÇΓöÇΓöÇΓöÇΓöÇΓöÇΓöÇΓöÇ  
   FAILED  Tests\Feature\Admin\GaleriControllerTest > galeri creation requires gambar                                                     
  Session is missing expected key [errors].
Failed asserting that false is true.

  at tests\Feature\Admin\GaleriControllerTest.php:139
    135Γûò             'judul' => 'Test Galeri',
    136Γûò             'deskripsi' => 'Test deskripsi',
    137Γûò         ]);
    138Γûò 
  Γ₧£ 139Γûò         $response->assertSessionHasErrors('gambar');
    140Γûò     }
    141Γûò }
    142Γûò

  ΓöÇΓöÇΓöÇΓöÇΓöÇΓöÇΓöÇΓöÇΓöÇΓöÇΓöÇΓöÇΓöÇΓöÇΓöÇΓöÇΓöÇΓöÇΓöÇΓöÇΓöÇΓöÇΓöÇΓöÇΓöÇΓöÇΓöÇΓöÇΓöÇΓöÇΓöÇΓöÇΓöÇΓöÇΓöÇΓöÇΓöÇΓöÇΓöÇΓöÇΓöÇΓöÇΓöÇΓöÇΓöÇΓöÇΓöÇΓöÇΓöÇΓöÇΓöÇΓöÇΓöÇΓöÇΓöÇΓöÇΓöÇΓöÇΓöÇΓöÇΓöÇΓöÇΓöÇΓöÇΓöÇΓöÇΓöÇΓöÇΓöÇΓöÇΓöÇΓöÇΓöÇΓöÇΓöÇΓöÇΓöÇΓöÇΓöÇΓöÇΓöÇΓöÇΓöÇΓöÇΓöÇΓöÇΓöÇΓöÇΓöÇΓöÇΓöÇΓöÇΓöÇΓöÇΓöÇΓöÇΓöÇΓöÇΓöÇΓöÇΓöÇΓöÇΓöÇΓöÇΓöÇΓöÇΓöÇΓöÇΓöÇΓöÇΓöÇΓöÇΓöÇΓöÇΓöÇΓöÇΓöÇΓöÇΓöÇΓöÇΓöÇΓöÇΓöÇΓöÇΓöÇΓöÇΓöÇΓöÇΓöÇΓöÇΓöÇΓöÇΓöÇΓöÇ  
   FAILED  Tests\Feature\Auth\LoginTest > user can login with valid credentials                                                           
  The user is not authenticated
Failed asserting that false is true.

  at tests\Feature\Auth\LoginTest.php:39
     35Γûò             'email' => 'test@example.com',
     36Γûò             'password' => 'password',
     37Γûò         ]);
     38Γûò 
  Γ₧£  39Γûò         $this->assertAuthenticated();
     40Γûò         $response->assertRedirect('/dashboard');
     41Γûò     }
     42Γûò 
     43Γûò     /**

  ΓöÇΓöÇΓöÇΓöÇΓöÇΓöÇΓöÇΓöÇΓöÇΓöÇΓöÇΓöÇΓöÇΓöÇΓöÇΓöÇΓöÇΓöÇΓöÇΓöÇΓöÇΓöÇΓöÇΓöÇΓöÇΓöÇΓöÇΓöÇΓöÇΓöÇΓöÇΓöÇΓöÇΓöÇΓöÇΓöÇΓöÇΓöÇΓöÇΓöÇΓöÇΓöÇΓöÇΓöÇΓöÇΓöÇΓöÇΓöÇΓöÇΓöÇΓöÇΓöÇΓöÇΓöÇΓöÇΓöÇΓöÇΓöÇΓöÇΓöÇΓöÇΓöÇΓöÇΓöÇΓöÇΓöÇΓöÇΓöÇΓöÇΓöÇΓöÇΓöÇΓöÇΓöÇΓöÇΓöÇΓöÇΓöÇΓöÇΓöÇΓöÇΓöÇΓöÇΓöÇΓöÇΓöÇΓöÇΓöÇΓöÇΓöÇΓöÇΓöÇΓöÇΓöÇΓöÇΓöÇΓöÇΓöÇΓöÇΓöÇΓöÇΓöÇΓöÇΓöÇΓöÇΓöÇΓöÇΓöÇΓöÇΓöÇΓöÇΓöÇΓöÇΓöÇΓöÇΓöÇΓöÇΓöÇΓöÇΓöÇΓöÇΓöÇΓöÇΓöÇΓöÇΓöÇΓöÇΓöÇΓöÇΓöÇΓöÇΓöÇΓöÇΓöÇ  
   FAILED  Tests\Feature\Auth\LoginTest > user cannot login with invalid credentials                                                      
  Session is missing expected key [errors].
Failed asserting that false is true.

  at tests\Feature\Auth\LoginTest.php:60
     56Γûò             'password' => 'wrong-password',
     57Γûò         ]);
     58Γûò 
     59Γûò         $this->assertGuest();
  Γ₧£  60Γûò         $response->assertSessionHasErrors();
     61Γûò     }
     62Γûò 
     63Γûò     /**
     64Γûò      * Test admin redirected to dashboard after login.

  ΓöÇΓöÇΓöÇΓöÇΓöÇΓöÇΓöÇΓöÇΓöÇΓöÇΓöÇΓöÇΓöÇΓöÇΓöÇΓöÇΓöÇΓöÇΓöÇΓöÇΓöÇΓöÇΓöÇΓöÇΓöÇΓöÇΓöÇΓöÇΓöÇΓöÇΓöÇΓöÇΓöÇΓöÇΓöÇΓöÇΓöÇΓöÇΓöÇΓöÇΓöÇΓöÇΓöÇΓöÇΓöÇΓöÇΓöÇΓöÇΓöÇΓöÇΓöÇΓöÇΓöÇΓöÇΓöÇΓöÇΓöÇΓöÇΓöÇΓöÇΓöÇΓöÇΓöÇΓöÇΓöÇΓöÇΓöÇΓöÇΓöÇΓöÇΓöÇΓöÇΓöÇΓöÇΓöÇΓöÇΓöÇΓöÇΓöÇΓöÇΓöÇΓöÇΓöÇΓöÇΓöÇΓöÇΓöÇΓöÇΓöÇΓöÇΓöÇΓöÇΓöÇΓöÇΓöÇΓöÇΓöÇΓöÇΓöÇΓöÇΓöÇΓöÇΓöÇΓöÇΓöÇΓöÇΓöÇΓöÇΓöÇΓöÇΓöÇΓöÇΓöÇΓöÇΓöÇΓöÇΓöÇΓöÇΓöÇΓöÇΓöÇΓöÇΓöÇΓöÇΓöÇΓöÇΓöÇΓöÇΓöÇΓöÇΓöÇΓöÇΓöÇΓöÇ  
   FAILED  Tests\Feature\Auth\LoginTest > admin redirected to dashboard after login                                                       
  The user is not authenticated
Failed asserting that false is true.

  at tests\Feature\Auth\LoginTest.php:80
     76Γûò             'email' => 'admin@example.com',
     77Γûò             'password' => 'password',
     78Γûò         ]);
     79Γûò 
  Γ₧£  80Γûò         $this->assertAuthenticated();
     81Γûò         $response->assertRedirect('/dashboard');
     82Γûò     }
     83Γûò 
     84Γûò     /**

  ΓöÇΓöÇΓöÇΓöÇΓöÇΓöÇΓöÇΓöÇΓöÇΓöÇΓöÇΓöÇΓöÇΓöÇΓöÇΓöÇΓöÇΓöÇΓöÇΓöÇΓöÇΓöÇΓöÇΓöÇΓöÇΓöÇΓöÇΓöÇΓöÇΓöÇΓöÇΓöÇΓöÇΓöÇΓöÇΓöÇΓöÇΓöÇΓöÇΓöÇΓöÇΓöÇΓöÇΓöÇΓöÇΓöÇΓöÇΓöÇΓöÇΓöÇΓöÇΓöÇΓöÇΓöÇΓöÇΓöÇΓöÇΓöÇΓöÇΓöÇΓöÇΓöÇΓöÇΓöÇΓöÇΓöÇΓöÇΓöÇΓöÇΓöÇΓöÇΓöÇΓöÇΓöÇΓöÇΓöÇΓöÇΓöÇΓöÇΓöÇΓöÇΓöÇΓöÇΓöÇΓöÇΓöÇΓöÇΓöÇΓöÇΓöÇΓöÇΓöÇΓöÇΓöÇΓöÇΓöÇΓöÇΓöÇΓöÇΓöÇΓöÇΓöÇΓöÇΓöÇΓöÇΓöÇΓöÇΓöÇΓöÇΓöÇΓöÇΓöÇΓöÇΓöÇΓöÇΓöÇΓöÇΓöÇΓöÇΓöÇΓöÇΓöÇΓöÇΓöÇΓöÇΓöÇΓöÇΓöÇΓöÇΓöÇΓöÇΓöÇΓöÇΓöÇ  
   FAILED  Tests\Feature\Auth\LoginTest > petugas redirected to dashboard after login                                                     
  The user is not authenticated
Failed asserting that false is true.

  at tests\Feature\Auth\LoginTest.php:101
     97Γûò             'email' => 'petugas@example.com',
     98Γûò             'password' => 'password',
     99Γûò         ]);
    100Γûò 
  Γ₧£ 101Γûò         $this->assertAuthenticated();
    102Γûò         $response->assertRedirect('/dashboard');
    103Γûò     }
    104Γûò 
    105Γûò     /**

  ΓöÇΓöÇΓöÇΓöÇΓöÇΓöÇΓöÇΓöÇΓöÇΓöÇΓöÇΓöÇΓöÇΓöÇΓöÇΓöÇΓöÇΓöÇΓöÇΓöÇΓöÇΓöÇΓöÇΓöÇΓöÇΓöÇΓöÇΓöÇΓöÇΓöÇΓöÇΓöÇΓöÇΓöÇΓöÇΓöÇΓöÇΓöÇΓöÇΓöÇΓöÇΓöÇΓöÇΓöÇΓöÇΓöÇΓöÇΓöÇΓöÇΓöÇΓöÇΓöÇΓöÇΓöÇΓöÇΓöÇΓöÇΓöÇΓöÇΓöÇΓöÇΓöÇΓöÇΓöÇΓöÇΓöÇΓöÇΓöÇΓöÇΓöÇΓöÇΓöÇΓöÇΓöÇΓöÇΓöÇΓöÇΓöÇΓöÇΓöÇΓöÇΓöÇΓöÇΓöÇΓöÇΓöÇΓöÇΓöÇΓöÇΓöÇΓöÇΓöÇΓöÇΓöÇΓöÇΓöÇΓöÇΓöÇΓöÇΓöÇΓöÇΓöÇΓöÇΓöÇΓöÇΓöÇΓöÇΓöÇΓöÇΓöÇΓöÇΓöÇΓöÇΓöÇΓöÇΓöÇΓöÇΓöÇΓöÇΓöÇΓöÇΓöÇΓöÇΓöÇΓöÇΓöÇΓöÇΓöÇΓöÇΓöÇΓöÇΓöÇΓöÇΓöÇ  
   FAILED  Tests\Feature\Auth\LoginTest > petani redirected to dashboard after login                                                      
  The user is not authenticated
Failed asserting that false is true.

  at tests\Feature\Auth\LoginTest.php:122
    118Γûò             'email' => 'petani@example.com',
    119Γûò             'password' => 'password',
    120Γûò         ]);
    121Γûò 
  Γ₧£ 122Γûò         $this->assertAuthenticated();
    123Γûò         $response->assertRedirect('/dashboard');
    124Γûò     }
    125Γûò 
    126Γûò     /**

  ΓöÇΓöÇΓöÇΓöÇΓöÇΓöÇΓöÇΓöÇΓöÇΓöÇΓöÇΓöÇΓöÇΓöÇΓöÇΓöÇΓöÇΓöÇΓöÇΓöÇΓöÇΓöÇΓöÇΓöÇΓöÇΓöÇΓöÇΓöÇΓöÇΓöÇΓöÇΓöÇΓöÇΓöÇΓöÇΓöÇΓöÇΓöÇΓöÇΓöÇΓöÇΓöÇΓöÇΓöÇΓöÇΓöÇΓöÇΓöÇΓöÇΓöÇΓöÇΓöÇΓöÇΓöÇΓöÇΓöÇΓöÇΓöÇΓöÇΓöÇΓöÇΓöÇΓöÇΓöÇΓöÇΓöÇΓöÇΓöÇΓöÇΓöÇΓöÇΓöÇΓöÇΓöÇΓöÇΓöÇΓöÇΓöÇΓöÇΓöÇΓöÇΓöÇΓöÇΓöÇΓöÇΓöÇΓöÇΓöÇΓöÇΓöÇΓöÇΓöÇΓöÇΓöÇΓöÇΓöÇΓöÇΓöÇΓöÇΓöÇΓöÇΓöÇΓöÇΓöÇΓöÇΓöÇΓöÇΓöÇΓöÇΓöÇΓöÇΓöÇΓöÇΓöÇΓöÇΓöÇΓöÇΓöÇΓöÇΓöÇΓöÇΓöÇΓöÇΓöÇΓöÇΓöÇΓöÇΓöÇΓöÇΓöÇΓöÇΓöÇΓöÇΓöÇ  
   FAILED  Tests\Feature\Auth\LoginTest > unverified petani cannot login                                                                  
  Session is missing expected key [errors].
Failed asserting that false is true.

  at tests\Feature\Auth\LoginTest.php:143
    139Γûò             'password' => 'password',
    140Γûò         ]);
    141Γûò 
    142Γûò         $this->assertGuest();
  Γ₧£ 143Γûò         $response->assertSessionHasErrors('email');
    144Γûò     }
    145Γûò 
    146Γûò     /**
    147Γûò      * Test authenticated user cannot access login page.

  ΓöÇΓöÇΓöÇΓöÇΓöÇΓöÇΓöÇΓöÇΓöÇΓöÇΓöÇΓöÇΓöÇΓöÇΓöÇΓöÇΓöÇΓöÇΓöÇΓöÇΓöÇΓöÇΓöÇΓöÇΓöÇΓöÇΓöÇΓöÇΓöÇΓöÇΓöÇΓöÇΓöÇΓöÇΓöÇΓöÇΓöÇΓöÇΓöÇΓöÇΓöÇΓöÇΓöÇΓöÇΓöÇΓöÇΓöÇΓöÇΓöÇΓöÇΓöÇΓöÇΓöÇΓöÇΓöÇΓöÇΓöÇΓöÇΓöÇΓöÇΓöÇΓöÇΓöÇΓöÇΓöÇΓöÇΓöÇΓöÇΓöÇΓöÇΓöÇΓöÇΓöÇΓöÇΓöÇΓöÇΓöÇΓöÇΓöÇΓöÇΓöÇΓöÇΓöÇΓöÇΓöÇΓöÇΓöÇΓöÇΓöÇΓöÇΓöÇΓöÇΓöÇΓöÇΓöÇΓöÇΓöÇΓöÇΓöÇΓöÇΓöÇΓöÇΓöÇΓöÇΓöÇΓöÇΓöÇΓöÇΓöÇΓöÇΓöÇΓöÇΓöÇΓöÇΓöÇΓöÇΓöÇΓöÇΓöÇΓöÇΓöÇΓöÇΓöÇΓöÇΓöÇΓöÇΓöÇΓöÇΓöÇΓöÇΓöÇΓöÇΓöÇΓöÇ  
   FAILED  Tests\Feature\Auth\LoginTest > user can logout                                                                                 
  The user is authenticated
Failed asserting that true is false.

  at tests\Feature\Auth\LoginTest.php:170
    166Γûò         $this->assertAuthenticated();
    167Γûò 
    168Γûò         $response = $this->post('/logout');
    169Γûò 
  Γ₧£ 170Γûò         $this->assertGuest();
    171Γûò         $response->assertRedirect('/');
    172Γûò     }
    173Γûò 
    174Γûò     /**

  ΓöÇΓöÇΓöÇΓöÇΓöÇΓöÇΓöÇΓöÇΓöÇΓöÇΓöÇΓöÇΓöÇΓöÇΓöÇΓöÇΓöÇΓöÇΓöÇΓöÇΓöÇΓöÇΓöÇΓöÇΓöÇΓöÇΓöÇΓöÇΓöÇΓöÇΓöÇΓöÇΓöÇΓöÇΓöÇΓöÇΓöÇΓöÇΓöÇΓöÇΓöÇΓöÇΓöÇΓöÇΓöÇΓöÇΓöÇΓöÇΓöÇΓöÇΓöÇΓöÇΓöÇΓöÇΓöÇΓöÇΓöÇΓöÇΓöÇΓöÇΓöÇΓöÇΓöÇΓöÇΓöÇΓöÇΓöÇΓöÇΓöÇΓöÇΓöÇΓöÇΓöÇΓöÇΓöÇΓöÇΓöÇΓöÇΓöÇΓöÇΓöÇΓöÇΓöÇΓöÇΓöÇΓöÇΓöÇΓöÇΓöÇΓöÇΓöÇΓöÇΓöÇΓöÇΓöÇΓöÇΓöÇΓöÇΓöÇΓöÇΓöÇΓöÇΓöÇΓöÇΓöÇΓöÇΓöÇΓöÇΓöÇΓöÇΓöÇΓöÇΓöÇΓöÇΓöÇΓöÇΓöÇΓöÇΓöÇΓöÇΓöÇΓöÇΓöÇΓöÇΓöÇΓöÇΓöÇΓöÇΓöÇΓöÇΓöÇΓöÇΓöÇΓöÇ  
   FAILED  Tests\Feature\Auth\LoginTest > login requires email                                                                            
  Session is missing expected key [errors].
Failed asserting that false is true.

  at tests\Feature\Auth\LoginTest.php:183
    179Γûò         $response = $this->post('/login', [
    180Γûò             'password' => 'password',
    181Γûò         ]);
    182Γûò 
  Γ₧£ 183Γûò         $response->assertSessionHasErrors('email');
    184Γûò     }
    185Γûò 
    186Γûò     /**
    187Γûò      * Test login requires password.

  ΓöÇΓöÇΓöÇΓöÇΓöÇΓöÇΓöÇΓöÇΓöÇΓöÇΓöÇΓöÇΓöÇΓöÇΓöÇΓöÇΓöÇΓöÇΓöÇΓöÇΓöÇΓöÇΓöÇΓöÇΓöÇΓöÇΓöÇΓöÇΓöÇΓöÇΓöÇΓöÇΓöÇΓöÇΓöÇΓöÇΓöÇΓöÇΓöÇΓöÇΓöÇΓöÇΓöÇΓöÇΓöÇΓöÇΓöÇΓöÇΓöÇΓöÇΓöÇΓöÇΓöÇΓöÇΓöÇΓöÇΓöÇΓöÇΓöÇΓöÇΓöÇΓöÇΓöÇΓöÇΓöÇΓöÇΓöÇΓöÇΓöÇΓöÇΓöÇΓöÇΓöÇΓöÇΓöÇΓöÇΓöÇΓöÇΓöÇΓöÇΓöÇΓöÇΓöÇΓöÇΓöÇΓöÇΓöÇΓöÇΓöÇΓöÇΓöÇΓöÇΓöÇΓöÇΓöÇΓöÇΓöÇΓöÇΓöÇΓöÇΓöÇΓöÇΓöÇΓöÇΓöÇΓöÇΓöÇΓöÇΓöÇΓöÇΓöÇΓöÇΓöÇΓöÇΓöÇΓöÇΓöÇΓöÇΓöÇΓöÇΓöÇΓöÇΓöÇΓöÇΓöÇΓöÇΓöÇΓöÇΓöÇΓöÇΓöÇΓöÇΓöÇΓöÇ  
   FAILED  Tests\Feature\Auth\LoginTest > login requires password                                                                         
  Session is missing expected key [errors].
Failed asserting that false is true.

  at tests\Feature\Auth\LoginTest.php:195
    191Γûò         $response = $this->post('/login', [
    192Γûò             'email' => 'test@example.com',
    193Γûò         ]);
    194Γûò 
  Γ₧£ 195Γûò         $response->assertSessionHasErrors('password');
    196Γûò     }
    197Γûò 
    198Γûò     /**
    199Γûò      * Test login requires valid email format.

  ΓöÇΓöÇΓöÇΓöÇΓöÇΓöÇΓöÇΓöÇΓöÇΓöÇΓöÇΓöÇΓöÇΓöÇΓöÇΓöÇΓöÇΓöÇΓöÇΓöÇΓöÇΓöÇΓöÇΓöÇΓöÇΓöÇΓöÇΓöÇΓöÇΓöÇΓöÇΓöÇΓöÇΓöÇΓöÇΓöÇΓöÇΓöÇΓöÇΓöÇΓöÇΓöÇΓöÇΓöÇΓöÇΓöÇΓöÇΓöÇΓöÇΓöÇΓöÇΓöÇΓöÇΓöÇΓöÇΓöÇΓöÇΓöÇΓöÇΓöÇΓöÇΓöÇΓöÇΓöÇΓöÇΓöÇΓöÇΓöÇΓöÇΓöÇΓöÇΓöÇΓöÇΓöÇΓöÇΓöÇΓöÇΓöÇΓöÇΓöÇΓöÇΓöÇΓöÇΓöÇΓöÇΓöÇΓöÇΓöÇΓöÇΓöÇΓöÇΓöÇΓöÇΓöÇΓöÇΓöÇΓöÇΓöÇΓöÇΓöÇΓöÇΓöÇΓöÇΓöÇΓöÇΓöÇΓöÇΓöÇΓöÇΓöÇΓöÇΓöÇΓöÇΓöÇΓöÇΓöÇΓöÇΓöÇΓöÇΓöÇΓöÇΓöÇΓöÇΓöÇΓöÇΓöÇΓöÇΓöÇΓöÇΓöÇΓöÇΓöÇΓöÇΓöÇ  
   FAILED  Tests\Feature\Auth\LoginTest > login requires valid email format                                                               
  Session is missing expected key [errors].
Failed asserting that false is true.

  at tests\Feature\Auth\LoginTest.php:208
    204Γûò             'email' => 'not-an-email',
    205Γûò             'password' => 'password',
    206Γûò         ]);
    207Γûò 
  Γ₧£ 208Γûò         $response->assertSessionHasErrors('email');
    209Γûò     }
    210Γûò }
    211Γûò

  ΓöÇΓöÇΓöÇΓöÇΓöÇΓöÇΓöÇΓöÇΓöÇΓöÇΓöÇΓöÇΓöÇΓöÇΓöÇΓöÇΓöÇΓöÇΓöÇΓöÇΓöÇΓöÇΓöÇΓöÇΓöÇΓöÇΓöÇΓöÇΓöÇΓöÇΓöÇΓöÇΓöÇΓöÇΓöÇΓöÇΓöÇΓöÇΓöÇΓöÇΓöÇΓöÇΓöÇΓöÇΓöÇΓöÇΓöÇΓöÇΓöÇΓöÇΓöÇΓöÇΓöÇΓöÇΓöÇΓöÇΓöÇΓöÇΓöÇΓöÇΓöÇΓöÇΓöÇΓöÇΓöÇΓöÇΓöÇΓöÇΓöÇΓöÇΓöÇΓöÇΓöÇΓöÇΓöÇΓöÇΓöÇΓöÇΓöÇΓöÇΓöÇΓöÇΓöÇΓöÇΓöÇΓöÇΓöÇΓöÇΓöÇΓöÇΓöÇΓöÇΓöÇΓöÇΓöÇΓöÇΓöÇΓöÇΓöÇΓöÇΓöÇΓöÇΓöÇΓöÇΓöÇΓöÇΓöÇΓöÇΓöÇΓöÇΓöÇΓöÇΓöÇΓöÇΓöÇΓöÇΓöÇΓöÇΓöÇΓöÇΓöÇΓöÇΓöÇΓöÇΓöÇΓöÇΓöÇΓöÇΓöÇΓöÇΓöÇΓöÇΓöÇΓöÇ  
   FAILED  Tests\Feature\Auth\RegisterTest > user can register as petani                                                                  
  Failed asserting that a row in the table [users] matches the attributes {
    "email": "petani@example.com",
    "role": "petani"
}.

The table is empty.

  at tests\Feature\Auth\RegisterTest.php:40
     36Γûò             'alamat_kecamatan' => 'Kecamatan Test',
     37Γûò             'luas_lahan' => 1.5,
     38Γûò         ]);
     39Γûò 
  Γ₧£  40Γûò         $this->assertDatabaseHas('users', [
     41Γûò             'email' => 'petani@example.com',
     42Γûò             'role' => 'petani',
     43Γûò         ]);
     44Γûò

  ΓöÇΓöÇΓöÇΓöÇΓöÇΓöÇΓöÇΓöÇΓöÇΓöÇΓöÇΓöÇΓöÇΓöÇΓöÇΓöÇΓöÇΓöÇΓöÇΓöÇΓöÇΓöÇΓöÇΓöÇΓöÇΓöÇΓöÇΓöÇΓöÇΓöÇΓöÇΓöÇΓöÇΓöÇΓöÇΓöÇΓöÇΓöÇΓöÇΓöÇΓöÇΓöÇΓöÇΓöÇΓöÇΓöÇΓöÇΓöÇΓöÇΓöÇΓöÇΓöÇΓöÇΓöÇΓöÇΓöÇΓöÇΓöÇΓöÇΓöÇΓöÇΓöÇΓöÇΓöÇΓöÇΓöÇΓöÇΓöÇΓöÇΓöÇΓöÇΓöÇΓöÇΓöÇΓöÇΓöÇΓöÇΓöÇΓöÇΓöÇΓöÇΓöÇΓöÇΓöÇΓöÇΓöÇΓöÇΓöÇΓöÇΓöÇΓöÇΓöÇΓöÇΓöÇΓöÇΓöÇΓöÇΓöÇΓöÇΓöÇΓöÇΓöÇΓöÇΓöÇΓöÇΓöÇΓöÇΓöÇΓöÇΓöÇΓöÇΓöÇΓöÇΓöÇΓöÇΓöÇΓöÇΓöÇΓöÇΓöÇΓöÇΓöÇΓöÇΓöÇΓöÇΓöÇΓöÇΓöÇΓöÇΓöÇΓöÇΓöÇΓöÇΓöÇ  
   FAILED  Tests\Feature\Auth\RegisterTest > registration requires name                                                                   
  Session is missing expected key [errors].
Failed asserting that false is true.

  at tests\Feature\Auth\RegisterTest.php:64
     60Γûò             'password' => 'password123',
     61Γûò             'password_confirmation' => 'password123',
     62Γûò         ]);
     63Γûò 
  Γ₧£  64Γûò         $response->assertSessionHasErrors('name');
     65Γûò     }
     66Γûò 
     67Γûò     /**
     68Γûò      * Test registration requires email.

  ΓöÇΓöÇΓöÇΓöÇΓöÇΓöÇΓöÇΓöÇΓöÇΓöÇΓöÇΓöÇΓöÇΓöÇΓöÇΓöÇΓöÇΓöÇΓöÇΓöÇΓöÇΓöÇΓöÇΓöÇΓöÇΓöÇΓöÇΓöÇΓöÇΓöÇΓöÇΓöÇΓöÇΓöÇΓöÇΓöÇΓöÇΓöÇΓöÇΓöÇΓöÇΓöÇΓöÇΓöÇΓöÇΓöÇΓöÇΓöÇΓöÇΓöÇΓöÇΓöÇΓöÇΓöÇΓöÇΓöÇΓöÇΓöÇΓöÇΓöÇΓöÇΓöÇΓöÇΓöÇΓöÇΓöÇΓöÇΓöÇΓöÇΓöÇΓöÇΓöÇΓöÇΓöÇΓöÇΓöÇΓöÇΓöÇΓöÇΓöÇΓöÇΓöÇΓöÇΓöÇΓöÇΓöÇΓöÇΓöÇΓöÇΓöÇΓöÇΓöÇΓöÇΓöÇΓöÇΓöÇΓöÇΓöÇΓöÇΓöÇΓöÇΓöÇΓöÇΓöÇΓöÇΓöÇΓöÇΓöÇΓöÇΓöÇΓöÇΓöÇΓöÇΓöÇΓöÇΓöÇΓöÇΓöÇΓöÇΓöÇΓöÇΓöÇΓöÇΓöÇΓöÇΓöÇΓöÇΓöÇΓöÇΓöÇΓöÇΓöÇΓöÇΓöÇ  
   FAILED  Tests\Feature\Auth\RegisterTest > registration requires email                                                                  
  Session is missing expected key [errors].
Failed asserting that false is true.

  at tests\Feature\Auth\RegisterTest.php:78
     74Γûò             'password' => 'password123',
     75Γûò             'password_confirmation' => 'password123',
     76Γûò         ]);
     77Γûò 
  Γ₧£  78Γûò         $response->assertSessionHasErrors('email');
     79Γûò     }
     80Γûò 
     81Γûò     /**
     82Γûò      * Test registration requires valid email.

  ΓöÇΓöÇΓöÇΓöÇΓöÇΓöÇΓöÇΓöÇΓöÇΓöÇΓöÇΓöÇΓöÇΓöÇΓöÇΓöÇΓöÇΓöÇΓöÇΓöÇΓöÇΓöÇΓöÇΓöÇΓöÇΓöÇΓöÇΓöÇΓöÇΓöÇΓöÇΓöÇΓöÇΓöÇΓöÇΓöÇΓöÇΓöÇΓöÇΓöÇΓöÇΓöÇΓöÇΓöÇΓöÇΓöÇΓöÇΓöÇΓöÇΓöÇΓöÇΓöÇΓöÇΓöÇΓöÇΓöÇΓöÇΓöÇΓöÇΓöÇΓöÇΓöÇΓöÇΓöÇΓöÇΓöÇΓöÇΓöÇΓöÇΓöÇΓöÇΓöÇΓöÇΓöÇΓöÇΓöÇΓöÇΓöÇΓöÇΓöÇΓöÇΓöÇΓöÇΓöÇΓöÇΓöÇΓöÇΓöÇΓöÇΓöÇΓöÇΓöÇΓöÇΓöÇΓöÇΓöÇΓöÇΓöÇΓöÇΓöÇΓöÇΓöÇΓöÇΓöÇΓöÇΓöÇΓöÇΓöÇΓöÇΓöÇΓöÇΓöÇΓöÇΓöÇΓöÇΓöÇΓöÇΓöÇΓöÇΓöÇΓöÇΓöÇΓöÇΓöÇΓöÇΓöÇΓöÇΓöÇΓöÇΓöÇΓöÇΓöÇΓöÇΓöÇ  
   FAILED  Tests\Feature\Auth\RegisterTest > registration requires valid email                                                            
  Session is missing expected key [errors].
Failed asserting that false is true.

  at tests\Feature\Auth\RegisterTest.php:93
     89Γûò             'password' => 'password123',
     90Γûò             'password_confirmation' => 'password123',
     91Γûò         ]);
     92Γûò 
  Γ₧£  93Γûò         $response->assertSessionHasErrors('email');
     94Γûò     }
     95Γûò 
     96Γûò     /**
     97Γûò      * Test registration requires unique email.

  ΓöÇΓöÇΓöÇΓöÇΓöÇΓöÇΓöÇΓöÇΓöÇΓöÇΓöÇΓöÇΓöÇΓöÇΓöÇΓöÇΓöÇΓöÇΓöÇΓöÇΓöÇΓöÇΓöÇΓöÇΓöÇΓöÇΓöÇΓöÇΓöÇΓöÇΓöÇΓöÇΓöÇΓöÇΓöÇΓöÇΓöÇΓöÇΓöÇΓöÇΓöÇΓöÇΓöÇΓöÇΓöÇΓöÇΓöÇΓöÇΓöÇΓöÇΓöÇΓöÇΓöÇΓöÇΓöÇΓöÇΓöÇΓöÇΓöÇΓöÇΓöÇΓöÇΓöÇΓöÇΓöÇΓöÇΓöÇΓöÇΓöÇΓöÇΓöÇΓöÇΓöÇΓöÇΓöÇΓöÇΓöÇΓöÇΓöÇΓöÇΓöÇΓöÇΓöÇΓöÇΓöÇΓöÇΓöÇΓöÇΓöÇΓöÇΓöÇΓöÇΓöÇΓöÇΓöÇΓöÇΓöÇΓöÇΓöÇΓöÇΓöÇΓöÇΓöÇΓöÇΓöÇΓöÇΓöÇΓöÇΓöÇΓöÇΓöÇΓöÇΓöÇΓöÇΓöÇΓöÇΓöÇΓöÇΓöÇΓöÇΓöÇΓöÇΓöÇΓöÇΓöÇΓöÇΓöÇΓöÇΓöÇΓöÇΓöÇΓöÇΓöÇΓöÇ  
   FAILED  Tests\Feature\Auth\RegisterTest > registration requires unique email                                                           
  Session is missing expected key [errors].
Failed asserting that false is true.

  at tests\Feature\Auth\RegisterTest.php:110
    106Γûò             'password' => 'password123',
    107Γûò             'password_confirmation' => 'password123',
    108Γûò         ]);
    109Γûò 
  Γ₧£ 110Γûò         $response->assertSessionHasErrors('email');
    111Γûò     }
    112Γûò 
    113Γûò     /**
    114Γûò      * Test registration requires password.

  ΓöÇΓöÇΓöÇΓöÇΓöÇΓöÇΓöÇΓöÇΓöÇΓöÇΓöÇΓöÇΓöÇΓöÇΓöÇΓöÇΓöÇΓöÇΓöÇΓöÇΓöÇΓöÇΓöÇΓöÇΓöÇΓöÇΓöÇΓöÇΓöÇΓöÇΓöÇΓöÇΓöÇΓöÇΓöÇΓöÇΓöÇΓöÇΓöÇΓöÇΓöÇΓöÇΓöÇΓöÇΓöÇΓöÇΓöÇΓöÇΓöÇΓöÇΓöÇΓöÇΓöÇΓöÇΓöÇΓöÇΓöÇΓöÇΓöÇΓöÇΓöÇΓöÇΓöÇΓöÇΓöÇΓöÇΓöÇΓöÇΓöÇΓöÇΓöÇΓöÇΓöÇΓöÇΓöÇΓöÇΓöÇΓöÇΓöÇΓöÇΓöÇΓöÇΓöÇΓöÇΓöÇΓöÇΓöÇΓöÇΓöÇΓöÇΓöÇΓöÇΓöÇΓöÇΓöÇΓöÇΓöÇΓöÇΓöÇΓöÇΓöÇΓöÇΓöÇΓöÇΓöÇΓöÇΓöÇΓöÇΓöÇΓöÇΓöÇΓöÇΓöÇΓöÇΓöÇΓöÇΓöÇΓöÇΓöÇΓöÇΓöÇΓöÇΓöÇΓöÇΓöÇΓöÇΓöÇΓöÇΓöÇΓöÇΓöÇΓöÇΓöÇΓöÇ  
   FAILED  Tests\Feature\Auth\RegisterTest > registration requires password                                                               
  Session is missing expected key [errors].
Failed asserting that false is true.

  at tests\Feature\Auth\RegisterTest.php:123
    119Γûò             'name' => 'Test User',
    120Γûò             'email' => 'test@example.com',
    121Γûò         ]);
    122Γûò 
  Γ₧£ 123Γûò         $response->assertSessionHasErrors('password');
    124Γûò     }
    125Γûò 
    126Γûò     /**
    127Γûò      * Test registration requires password confirmation.

  ΓöÇΓöÇΓöÇΓöÇΓöÇΓöÇΓöÇΓöÇΓöÇΓöÇΓöÇΓöÇΓöÇΓöÇΓöÇΓöÇΓöÇΓöÇΓöÇΓöÇΓöÇΓöÇΓöÇΓöÇΓöÇΓöÇΓöÇΓöÇΓöÇΓöÇΓöÇΓöÇΓöÇΓöÇΓöÇΓöÇΓöÇΓöÇΓöÇΓöÇΓöÇΓöÇΓöÇΓöÇΓöÇΓöÇΓöÇΓöÇΓöÇΓöÇΓöÇΓöÇΓöÇΓöÇΓöÇΓöÇΓöÇΓöÇΓöÇΓöÇΓöÇΓöÇΓöÇΓöÇΓöÇΓöÇΓöÇΓöÇΓöÇΓöÇΓöÇΓöÇΓöÇΓöÇΓöÇΓöÇΓöÇΓöÇΓöÇΓöÇΓöÇΓöÇΓöÇΓöÇΓöÇΓöÇΓöÇΓöÇΓöÇΓöÇΓöÇΓöÇΓöÇΓöÇΓöÇΓöÇΓöÇΓöÇΓöÇΓöÇΓöÇΓöÇΓöÇΓöÇΓöÇΓöÇΓöÇΓöÇΓöÇΓöÇΓöÇΓöÇΓöÇΓöÇΓöÇΓöÇΓöÇΓöÇΓöÇΓöÇΓöÇΓöÇΓöÇΓöÇΓöÇΓöÇΓöÇΓöÇΓöÇΓöÇΓöÇΓöÇΓöÇΓöÇ  
   FAILED  Tests\Feature\Auth\RegisterTest > registration requires password confirmation                                                  
  Session is missing expected key [errors].
Failed asserting that false is true.

  at tests\Feature\Auth\RegisterTest.php:138
    134Γûò             'password' => 'password123',
    135Γûò             'password_confirmation' => 'different-password',
    136Γûò         ]);
    137Γûò 
  Γ₧£ 138Γûò         $response->assertSessionHasErrors('password');
    139Γûò     }
    140Γûò 
    141Γûò     /**
    142Γûò      * Test registration requires minimum password length.

  ΓöÇΓöÇΓöÇΓöÇΓöÇΓöÇΓöÇΓöÇΓöÇΓöÇΓöÇΓöÇΓöÇΓöÇΓöÇΓöÇΓöÇΓöÇΓöÇΓöÇΓöÇΓöÇΓöÇΓöÇΓöÇΓöÇΓöÇΓöÇΓöÇΓöÇΓöÇΓöÇΓöÇΓöÇΓöÇΓöÇΓöÇΓöÇΓöÇΓöÇΓöÇΓöÇΓöÇΓöÇΓöÇΓöÇΓöÇΓöÇΓöÇΓöÇΓöÇΓöÇΓöÇΓöÇΓöÇΓöÇΓöÇΓöÇΓöÇΓöÇΓöÇΓöÇΓöÇΓöÇΓöÇΓöÇΓöÇΓöÇΓöÇΓöÇΓöÇΓöÇΓöÇΓöÇΓöÇΓöÇΓöÇΓöÇΓöÇΓöÇΓöÇΓöÇΓöÇΓöÇΓöÇΓöÇΓöÇΓöÇΓöÇΓöÇΓöÇΓöÇΓöÇΓöÇΓöÇΓöÇΓöÇΓöÇΓöÇΓöÇΓöÇΓöÇΓöÇΓöÇΓöÇΓöÇΓöÇΓöÇΓöÇΓöÇΓöÇΓöÇΓöÇΓöÇΓöÇΓöÇΓöÇΓöÇΓöÇΓöÇΓöÇΓöÇΓöÇΓöÇΓöÇΓöÇΓöÇΓöÇΓöÇΓöÇΓöÇΓöÇΓöÇΓöÇ  
   FAILED  Tests\Feature\Auth\RegisterTest > registration requires minimum password length                                                
  Session is missing expected key [errors].
Failed asserting that false is true.

  at tests\Feature\Auth\RegisterTest.php:153
    149Γûò             'password' => 'short',
    150Γûò             'password_confirmation' => 'short',
    151Γûò         ]);
    152Γûò 
  Γ₧£ 153Γûò         $response->assertSessionHasErrors('password');
    154Γûò     }
    155Γûò 
    156Γûò     /**
    157Γûò      * Test password is hashed after registration.

  ΓöÇΓöÇΓöÇΓöÇΓöÇΓöÇΓöÇΓöÇΓöÇΓöÇΓöÇΓöÇΓöÇΓöÇΓöÇΓöÇΓöÇΓöÇΓöÇΓöÇΓöÇΓöÇΓöÇΓöÇΓöÇΓöÇΓöÇΓöÇΓöÇΓöÇΓöÇΓöÇΓöÇΓöÇΓöÇΓöÇΓöÇΓöÇΓöÇΓöÇΓöÇΓöÇΓöÇΓöÇΓöÇΓöÇΓöÇΓöÇΓöÇΓöÇΓöÇΓöÇΓöÇΓöÇΓöÇΓöÇΓöÇΓöÇΓöÇΓöÇΓöÇΓöÇΓöÇΓöÇΓöÇΓöÇΓöÇΓöÇΓöÇΓöÇΓöÇΓöÇΓöÇΓöÇΓöÇΓöÇΓöÇΓöÇΓöÇΓöÇΓöÇΓöÇΓöÇΓöÇΓöÇΓöÇΓöÇΓöÇΓöÇΓöÇΓöÇΓöÇΓöÇΓöÇΓöÇΓöÇΓöÇΓöÇΓöÇΓöÇΓöÇΓöÇΓöÇΓöÇΓöÇΓöÇΓöÇΓöÇΓöÇΓöÇΓöÇΓöÇΓöÇΓöÇΓöÇΓöÇΓöÇΓöÇΓöÇΓöÇΓöÇΓöÇΓöÇΓöÇΓöÇΓöÇΓöÇΓöÇΓöÇΓöÇΓöÇΓöÇΓöÇΓöÇ  
   FAILED  Tests\Feature\Auth\RegisterTest > password is hashed after registration                                       ErrorException   
  Attempt to read property "password" on null

  at tests\Feature\Auth\RegisterTest.php:170
    166Γûò         ]);
    167Γûò 
    168Γûò         $user = User::where('email', 'test@example.com')->first();
    169Γûò 
  Γ₧£ 170Γûò         $this->assertNotEquals('password123', $user->password);
    171Γûò         $this->assertTrue(Hash::check('password123', $user->password));
    172Γûò     }
    173Γûò 
    174Γûò     /**

  ΓöÇΓöÇΓöÇΓöÇΓöÇΓöÇΓöÇΓöÇΓöÇΓöÇΓöÇΓöÇΓöÇΓöÇΓöÇΓöÇΓöÇΓöÇΓöÇΓöÇΓöÇΓöÇΓöÇΓöÇΓöÇΓöÇΓöÇΓöÇΓöÇΓöÇΓöÇΓöÇΓöÇΓöÇΓöÇΓöÇΓöÇΓöÇΓöÇΓöÇΓöÇΓöÇΓöÇΓöÇΓöÇΓöÇΓöÇΓöÇΓöÇΓöÇΓöÇΓöÇΓöÇΓöÇΓöÇΓöÇΓöÇΓöÇΓöÇΓöÇΓöÇΓöÇΓöÇΓöÇΓöÇΓöÇΓöÇΓöÇΓöÇΓöÇΓöÇΓöÇΓöÇΓöÇΓöÇΓöÇΓöÇΓöÇΓöÇΓöÇΓöÇΓöÇΓöÇΓöÇΓöÇΓöÇΓöÇΓöÇΓöÇΓöÇΓöÇΓöÇΓöÇΓöÇΓöÇΓöÇΓöÇΓöÇΓöÇΓöÇΓöÇΓöÇΓöÇΓöÇΓöÇΓöÇΓöÇΓöÇΓöÇΓöÇΓöÇΓöÇΓöÇΓöÇΓöÇΓöÇΓöÇΓöÇΓöÇΓöÇΓöÇΓöÇΓöÇΓöÇΓöÇΓöÇΓöÇΓöÇΓöÇΓöÇΓöÇΓöÇΓöÇΓöÇ  
   FAILED  Tests\Feature\Auth\RegisterTest > new petani is not verified by default                                       ErrorException   
  Attempt to read property "is_verified" on null

  at tests\Feature\Auth\RegisterTest.php:200
    196Γûò         ]);
    197Γûò 
    198Γûò         $user = User::where('email', 'petani@example.com')->first();
    199Γûò 
  Γ₧£ 200Γûò         $this->assertFalse($user->is_verified);
    201Γûò     }
    202Γûò 
    203Γûò     /**
    204Γûò      * Test registration stores alamat desa and kecamatan.

  ΓöÇΓöÇΓöÇΓöÇΓöÇΓöÇΓöÇΓöÇΓöÇΓöÇΓöÇΓöÇΓöÇΓöÇΓöÇΓöÇΓöÇΓöÇΓöÇΓöÇΓöÇΓöÇΓöÇΓöÇΓöÇΓöÇΓöÇΓöÇΓöÇΓöÇΓöÇΓöÇΓöÇΓöÇΓöÇΓöÇΓöÇΓöÇΓöÇΓöÇΓöÇΓöÇΓöÇΓöÇΓöÇΓöÇΓöÇΓöÇΓöÇΓöÇΓöÇΓöÇΓöÇΓöÇΓöÇΓöÇΓöÇΓöÇΓöÇΓöÇΓöÇΓöÇΓöÇΓöÇΓöÇΓöÇΓöÇΓöÇΓöÇΓöÇΓöÇΓöÇΓöÇΓöÇΓöÇΓöÇΓöÇΓöÇΓöÇΓöÇΓöÇΓöÇΓöÇΓöÇΓöÇΓöÇΓöÇΓöÇΓöÇΓöÇΓöÇΓöÇΓöÇΓöÇΓöÇΓöÇΓöÇΓöÇΓöÇΓöÇΓöÇΓöÇΓöÇΓöÇΓöÇΓöÇΓöÇΓöÇΓöÇΓöÇΓöÇΓöÇΓöÇΓöÇΓöÇΓöÇΓöÇΓöÇΓöÇΓöÇΓöÇΓöÇΓöÇΓöÇΓöÇΓöÇΓöÇΓöÇΓöÇΓöÇΓöÇΓöÇΓöÇΓöÇ  
   FAILED  Tests\Feature\Auth\RegisterTest > registration stores alamat desa and kecamatan                                                
  Failed asserting that a row in the table [users] matches the attributes {
    "email": "petani@example.com",
    "alamat_desa": "Desa Sejahtera",
    "alamat_kecamatan": "Kecamatan Makmur",
    "luas_lahan": 2.5
}.

The table is empty.

  at tests\Feature\Auth\RegisterTest.php:218
    214Γûò             'alamat_kecamatan' => 'Kecamatan Makmur',
    215Γûò             'luas_lahan' => 2.5,
    216Γûò         ]);
    217Γûò 
  Γ₧£ 218Γûò         $this->assertDatabaseHas('users', [
    219Γûò             'email' => 'petani@example.com',
    220Γûò             'alamat_desa' => 'Desa Sejahtera',
    221Γûò             'alamat_kecamatan' => 'Kecamatan Makmur',
    222Γûò             'luas_lahan' => 2.5,

  ΓöÇΓöÇΓöÇΓöÇΓöÇΓöÇΓöÇΓöÇΓöÇΓöÇΓöÇΓöÇΓöÇΓöÇΓöÇΓöÇΓöÇΓöÇΓöÇΓöÇΓöÇΓöÇΓöÇΓöÇΓöÇΓöÇΓöÇΓöÇΓöÇΓöÇΓöÇΓöÇΓöÇΓöÇΓöÇΓöÇΓöÇΓöÇΓöÇΓöÇΓöÇΓöÇΓöÇΓöÇΓöÇΓöÇΓöÇΓöÇΓöÇΓöÇΓöÇΓöÇΓöÇΓöÇΓöÇΓöÇΓöÇΓöÇΓöÇΓöÇΓöÇΓöÇΓöÇΓöÇΓöÇΓöÇΓöÇΓöÇΓöÇΓöÇΓöÇΓöÇΓöÇΓöÇΓöÇΓöÇΓöÇΓöÇΓöÇΓöÇΓöÇΓöÇΓöÇΓöÇΓöÇΓöÇΓöÇΓöÇΓöÇΓöÇΓöÇΓöÇΓöÇΓöÇΓöÇΓöÇΓöÇΓöÇΓöÇΓöÇΓöÇΓöÇΓöÇΓöÇΓöÇΓöÇΓöÇΓöÇΓöÇΓöÇΓöÇΓöÇΓöÇΓöÇΓöÇΓöÇΓöÇΓöÇΓöÇΓöÇΓöÇΓöÇΓöÇΓöÇΓöÇΓöÇΓöÇΓöÇΓöÇΓöÇΓöÇΓöÇΓöÇΓöÇ  
   FAILED  Tests\Feature\Guest\GuestControllerTest > guest can subscribe to newsletter                                                    
  Failed asserting that a row in the table [newsletters] matches the attributes {
    "email": "subscriber@example.com",
    "status": "active"
}.

The table is empty.

  at tests\Feature\Guest\GuestControllerTest.php:95
     91Γûò         $response = $this->post('/newsletter/subscribe', [
     92Γûò             'email' => 'subscriber@example.com',
     93Γûò         ]);
     94Γûò 
  Γ₧£  95Γûò         $this->assertDatabaseHas('newsletters', [
     96Γûò             'email' => 'subscriber@example.com',
     97Γûò             'status' => 'active',
     98Γûò         ]);
     99Γûò

  ΓöÇΓöÇΓöÇΓöÇΓöÇΓöÇΓöÇΓöÇΓöÇΓöÇΓöÇΓöÇΓöÇΓöÇΓöÇΓöÇΓöÇΓöÇΓöÇΓöÇΓöÇΓöÇΓöÇΓöÇΓöÇΓöÇΓöÇΓöÇΓöÇΓöÇΓöÇΓöÇΓöÇΓöÇΓöÇΓöÇΓöÇΓöÇΓöÇΓöÇΓöÇΓöÇΓöÇΓöÇΓöÇΓöÇΓöÇΓöÇΓöÇΓöÇΓöÇΓöÇΓöÇΓöÇΓöÇΓöÇΓöÇΓöÇΓöÇΓöÇΓöÇΓöÇΓöÇΓöÇΓöÇΓöÇΓöÇΓöÇΓöÇΓöÇΓöÇΓöÇΓöÇΓöÇΓöÇΓöÇΓöÇΓöÇΓöÇΓöÇΓöÇΓöÇΓöÇΓöÇΓöÇΓöÇΓöÇΓöÇΓöÇΓöÇΓöÇΓöÇΓöÇΓöÇΓöÇΓöÇΓöÇΓöÇΓöÇΓöÇΓöÇΓöÇΓöÇΓöÇΓöÇΓöÇΓöÇΓöÇΓöÇΓöÇΓöÇΓöÇΓöÇΓöÇΓöÇΓöÇΓöÇΓöÇΓöÇΓöÇΓöÇΓöÇΓöÇΓöÇΓöÇΓöÇΓöÇΓöÇΓöÇΓöÇΓöÇΓöÇΓöÇΓöÇ  
   FAILED  Tests\Feature\Guest\GuestControllerTest > guest cannot subscribe with duplicate email                                          
  Session is missing expected key [errors].
Failed asserting that false is true.

  at tests\Feature\Guest\GuestControllerTest.php:118
    114Γûò         $response = $this->post('/newsletter/subscribe', [
    115Γûò             'email' => 'existing@example.com',
    116Γûò         ]);
    117Γûò 
  Γ₧£ 118Γûò         $response->assertSessionHasErrors('email');
    119Γûò     }
    120Γûò 
    121Γûò     /**
    122Γûò      * Test guest can submit feedback.

  ΓöÇΓöÇΓöÇΓöÇΓöÇΓöÇΓöÇΓöÇΓöÇΓöÇΓöÇΓöÇΓöÇΓöÇΓöÇΓöÇΓöÇΓöÇΓöÇΓöÇΓöÇΓöÇΓöÇΓöÇΓöÇΓöÇΓöÇΓöÇΓöÇΓöÇΓöÇΓöÇΓöÇΓöÇΓöÇΓöÇΓöÇΓöÇΓöÇΓöÇΓöÇΓöÇΓöÇΓöÇΓöÇΓöÇΓöÇΓöÇΓöÇΓöÇΓöÇΓöÇΓöÇΓöÇΓöÇΓöÇΓöÇΓöÇΓöÇΓöÇΓöÇΓöÇΓöÇΓöÇΓöÇΓöÇΓöÇΓöÇΓöÇΓöÇΓöÇΓöÇΓöÇΓöÇΓöÇΓöÇΓöÇΓöÇΓöÇΓöÇΓöÇΓöÇΓöÇΓöÇΓöÇΓöÇΓöÇΓöÇΓöÇΓöÇΓöÇΓöÇΓöÇΓöÇΓöÇΓöÇΓöÇΓöÇΓöÇΓöÇΓöÇΓöÇΓöÇΓöÇΓöÇΓöÇΓöÇΓöÇΓöÇΓöÇΓöÇΓöÇΓöÇΓöÇΓöÇΓöÇΓöÇΓöÇΓöÇΓöÇΓöÇΓöÇΓöÇΓöÇΓöÇΓöÇΓöÇΓöÇΓöÇΓöÇΓöÇΓöÇΓöÇΓöÇ  
   FAILED  Tests\Feature\Guest\GuestControllerTest > guest can submit feedback                                                            
  Failed asserting that a row in the table [feedbacks] matches the attributes {
    "nama": "John Doe",
    "email": "john@example.com",
    "subjek": "Test Feedback",
    "status": "unread"
}.

The table is empty.

  at tests\Feature\Guest\GuestControllerTest.php:133
    129Γûò             'subjek' => 'Test Feedback',
    130Γûò             'pesan' => 'Ini adalah pesan feedback test',
    131Γûò         ]);
    132Γûò 
  Γ₧£ 133Γûò         $this->assertDatabaseHas('feedbacks', [
    134Γûò             'nama' => 'John Doe',
    135Γûò             'email' => 'john@example.com',
    136Γûò             'subjek' => 'Test Feedback',
    137Γûò             'status' => 'unread',

  ΓöÇΓöÇΓöÇΓöÇΓöÇΓöÇΓöÇΓöÇΓöÇΓöÇΓöÇΓöÇΓöÇΓöÇΓöÇΓöÇΓöÇΓöÇΓöÇΓöÇΓöÇΓöÇΓöÇΓöÇΓöÇΓöÇΓöÇΓöÇΓöÇΓöÇΓöÇΓöÇΓöÇΓöÇΓöÇΓöÇΓöÇΓöÇΓöÇΓöÇΓöÇΓöÇΓöÇΓöÇΓöÇΓöÇΓöÇΓöÇΓöÇΓöÇΓöÇΓöÇΓöÇΓöÇΓöÇΓöÇΓöÇΓöÇΓöÇΓöÇΓöÇΓöÇΓöÇΓöÇΓöÇΓöÇΓöÇΓöÇΓöÇΓöÇΓöÇΓöÇΓöÇΓöÇΓöÇΓöÇΓöÇΓöÇΓöÇΓöÇΓöÇΓöÇΓöÇΓöÇΓöÇΓöÇΓöÇΓöÇΓöÇΓöÇΓöÇΓöÇΓöÇΓöÇΓöÇΓöÇΓöÇΓöÇΓöÇΓöÇΓöÇΓöÇΓöÇΓöÇΓöÇΓöÇΓöÇΓöÇΓöÇΓöÇΓöÇΓöÇΓöÇΓöÇΓöÇΓöÇΓöÇΓöÇΓöÇΓöÇΓöÇΓöÇΓöÇΓöÇΓöÇΓöÇΓöÇΓöÇΓöÇΓöÇΓöÇΓöÇΓöÇΓöÇ  
   FAILED  Tests\Feature\Guest\GuestControllerTest > feedback requires nama                                                               
  Session is missing expected key [errors].
Failed asserting that false is true.

  at tests\Feature\Guest\GuestControllerTest.php:155
    151Γûò             'subjek' => 'Test',
    152Γûò             'pesan' => 'Test pesan',
    153Γûò         ]);
    154Γûò 
  Γ₧£ 155Γûò         $response->assertSessionHasErrors('nama');
    156Γûò     }
    157Γûò 
    158Γûò     /**
    159Γûò      * Test feedback requires email.

  ΓöÇΓöÇΓöÇΓöÇΓöÇΓöÇΓöÇΓöÇΓöÇΓöÇΓöÇΓöÇΓöÇΓöÇΓöÇΓöÇΓöÇΓöÇΓöÇΓöÇΓöÇΓöÇΓöÇΓöÇΓöÇΓöÇΓöÇΓöÇΓöÇΓöÇΓöÇΓöÇΓöÇΓöÇΓöÇΓöÇΓöÇΓöÇΓöÇΓöÇΓöÇΓöÇΓöÇΓöÇΓöÇΓöÇΓöÇΓöÇΓöÇΓöÇΓöÇΓöÇΓöÇΓöÇΓöÇΓöÇΓöÇΓöÇΓöÇΓöÇΓöÇΓöÇΓöÇΓöÇΓöÇΓöÇΓöÇΓöÇΓöÇΓöÇΓöÇΓöÇΓöÇΓöÇΓöÇΓöÇΓöÇΓöÇΓöÇΓöÇΓöÇΓöÇΓöÇΓöÇΓöÇΓöÇΓöÇΓöÇΓöÇΓöÇΓöÇΓöÇΓöÇΓöÇΓöÇΓöÇΓöÇΓöÇΓöÇΓöÇΓöÇΓöÇΓöÇΓöÇΓöÇΓöÇΓöÇΓöÇΓöÇΓöÇΓöÇΓöÇΓöÇΓöÇΓöÇΓöÇΓöÇΓöÇΓöÇΓöÇΓöÇΓöÇΓöÇΓöÇΓöÇΓöÇΓöÇΓöÇΓöÇΓöÇΓöÇΓöÇΓöÇΓöÇ  
   FAILED  Tests\Feature\Guest\GuestControllerTest > feedback requires email                                                              
  Session is missing expected key [errors].
Failed asserting that false is true.

  at tests\Feature\Guest\GuestControllerTest.php:169
    165Γûò             'subjek' => 'Test',
    166Γûò             'pesan' => 'Test pesan',
    167Γûò         ]);
    168Γûò 
  Γ₧£ 169Γûò         $response->assertSessionHasErrors('email');
    170Γûò     }
    171Γûò 
    172Γûò     /**
    173Γûò      * Test feedback requires valid email.

  ΓöÇΓöÇΓöÇΓöÇΓöÇΓöÇΓöÇΓöÇΓöÇΓöÇΓöÇΓöÇΓöÇΓöÇΓöÇΓöÇΓöÇΓöÇΓöÇΓöÇΓöÇΓöÇΓöÇΓöÇΓöÇΓöÇΓöÇΓöÇΓöÇΓöÇΓöÇΓöÇΓöÇΓöÇΓöÇΓöÇΓöÇΓöÇΓöÇΓöÇΓöÇΓöÇΓöÇΓöÇΓöÇΓöÇΓöÇΓöÇΓöÇΓöÇΓöÇΓöÇΓöÇΓöÇΓöÇΓöÇΓöÇΓöÇΓöÇΓöÇΓöÇΓöÇΓöÇΓöÇΓöÇΓöÇΓöÇΓöÇΓöÇΓöÇΓöÇΓöÇΓöÇΓöÇΓöÇΓöÇΓöÇΓöÇΓöÇΓöÇΓöÇΓöÇΓöÇΓöÇΓöÇΓöÇΓöÇΓöÇΓöÇΓöÇΓöÇΓöÇΓöÇΓöÇΓöÇΓöÇΓöÇΓöÇΓöÇΓöÇΓöÇΓöÇΓöÇΓöÇΓöÇΓöÇΓöÇΓöÇΓöÇΓöÇΓöÇΓöÇΓöÇΓöÇΓöÇΓöÇΓöÇΓöÇΓöÇΓöÇΓöÇΓöÇΓöÇΓöÇΓöÇΓöÇΓöÇΓöÇΓöÇΓöÇΓöÇΓöÇΓöÇΓöÇ  
   FAILED  Tests\Feature\Guest\GuestControllerTest > feedback requires valid email                                                        
  Session is missing expected key [errors].
Failed asserting that false is true.

  at tests\Feature\Guest\GuestControllerTest.php:184
    180Γûò             'subjek' => 'Test',
    181Γûò             'pesan' => 'Test pesan',
    182Γûò         ]);
    183Γûò 
  Γ₧£ 184Γûò         $response->assertSessionHasErrors('email');
    185Γûò     }
    186Γûò 
    187Γûò     /**
    188Γûò      * Test feedback requires subjek.

  ΓöÇΓöÇΓöÇΓöÇΓöÇΓöÇΓöÇΓöÇΓöÇΓöÇΓöÇΓöÇΓöÇΓöÇΓöÇΓöÇΓöÇΓöÇΓöÇΓöÇΓöÇΓöÇΓöÇΓöÇΓöÇΓöÇΓöÇΓöÇΓöÇΓöÇΓöÇΓöÇΓöÇΓöÇΓöÇΓöÇΓöÇΓöÇΓöÇΓöÇΓöÇΓöÇΓöÇΓöÇΓöÇΓöÇΓöÇΓöÇΓöÇΓöÇΓöÇΓöÇΓöÇΓöÇΓöÇΓöÇΓöÇΓöÇΓöÇΓöÇΓöÇΓöÇΓöÇΓöÇΓöÇΓöÇΓöÇΓöÇΓöÇΓöÇΓöÇΓöÇΓöÇΓöÇΓöÇΓöÇΓöÇΓöÇΓöÇΓöÇΓöÇΓöÇΓöÇΓöÇΓöÇΓöÇΓöÇΓöÇΓöÇΓöÇΓöÇΓöÇΓöÇΓöÇΓöÇΓöÇΓöÇΓöÇΓöÇΓöÇΓöÇΓöÇΓöÇΓöÇΓöÇΓöÇΓöÇΓöÇΓöÇΓöÇΓöÇΓöÇΓöÇΓöÇΓöÇΓöÇΓöÇΓöÇΓöÇΓöÇΓöÇΓöÇΓöÇΓöÇΓöÇΓöÇΓöÇΓöÇΓöÇΓöÇΓöÇΓöÇΓöÇΓöÇ  
   FAILED  Tests\Feature\Guest\GuestControllerTest > feedback requires subjek                                                             
  Session is missing expected key [errors].
Failed asserting that false is true.

  at tests\Feature\Guest\GuestControllerTest.php:198
    194Γûò             'email' => 'john@example.com',
    195Γûò             'pesan' => 'Test pesan',
    196Γûò         ]);
    197Γûò 
  Γ₧£ 198Γûò         $response->assertSessionHasErrors('subjek');
    199Γûò     }
    200Γûò 
    201Γûò     /**
    202Γûò      * Test feedback requires pesan.

  ΓöÇΓöÇΓöÇΓöÇΓöÇΓöÇΓöÇΓöÇΓöÇΓöÇΓöÇΓöÇΓöÇΓöÇΓöÇΓöÇΓöÇΓöÇΓöÇΓöÇΓöÇΓöÇΓöÇΓöÇΓöÇΓöÇΓöÇΓöÇΓöÇΓöÇΓöÇΓöÇΓöÇΓöÇΓöÇΓöÇΓöÇΓöÇΓöÇΓöÇΓöÇΓöÇΓöÇΓöÇΓöÇΓöÇΓöÇΓöÇΓöÇΓöÇΓöÇΓöÇΓöÇΓöÇΓöÇΓöÇΓöÇΓöÇΓöÇΓöÇΓöÇΓöÇΓöÇΓöÇΓöÇΓöÇΓöÇΓöÇΓöÇΓöÇΓöÇΓöÇΓöÇΓöÇΓöÇΓöÇΓöÇΓöÇΓöÇΓöÇΓöÇΓöÇΓöÇΓöÇΓöÇΓöÇΓöÇΓöÇΓöÇΓöÇΓöÇΓöÇΓöÇΓöÇΓöÇΓöÇΓöÇΓöÇΓöÇΓöÇΓöÇΓöÇΓöÇΓöÇΓöÇΓöÇΓöÇΓöÇΓöÇΓöÇΓöÇΓöÇΓöÇΓöÇΓöÇΓöÇΓöÇΓöÇΓöÇΓöÇΓöÇΓöÇΓöÇΓöÇΓöÇΓöÇΓöÇΓöÇΓöÇΓöÇΓöÇΓöÇΓöÇΓöÇ  
   FAILED  Tests\Feature\Guest\GuestControllerTest > feedback requires pesan                                                              
  Session is missing expected key [errors].
Failed asserting that false is true.

  at tests\Feature\Guest\GuestControllerTest.php:212
    208Γûò             'email' => 'john@example.com',
    209Γûò             'subjek' => 'Test',
    210Γûò         ]);
    211Γûò 
  Γ₧£ 212Γûò         $response->assertSessionHasErrors('pesan');
    213Γûò     }
    214Γûò 
    215Γûò     /**
    216Γûò      * Test newsletter subscription requires email.

  ΓöÇΓöÇΓöÇΓöÇΓöÇΓöÇΓöÇΓöÇΓöÇΓöÇΓöÇΓöÇΓöÇΓöÇΓöÇΓöÇΓöÇΓöÇΓöÇΓöÇΓöÇΓöÇΓöÇΓöÇΓöÇΓöÇΓöÇΓöÇΓöÇΓöÇΓöÇΓöÇΓöÇΓöÇΓöÇΓöÇΓöÇΓöÇΓöÇΓöÇΓöÇΓöÇΓöÇΓöÇΓöÇΓöÇΓöÇΓöÇΓöÇΓöÇΓöÇΓöÇΓöÇΓöÇΓöÇΓöÇΓöÇΓöÇΓöÇΓöÇΓöÇΓöÇΓöÇΓöÇΓöÇΓöÇΓöÇΓöÇΓöÇΓöÇΓöÇΓöÇΓöÇΓöÇΓöÇΓöÇΓöÇΓöÇΓöÇΓöÇΓöÇΓöÇΓöÇΓöÇΓöÇΓöÇΓöÇΓöÇΓöÇΓöÇΓöÇΓöÇΓöÇΓöÇΓöÇΓöÇΓöÇΓöÇΓöÇΓöÇΓöÇΓöÇΓöÇΓöÇΓöÇΓöÇΓöÇΓöÇΓöÇΓöÇΓöÇΓöÇΓöÇΓöÇΓöÇΓöÇΓöÇΓöÇΓöÇΓöÇΓöÇΓöÇΓöÇΓöÇΓöÇΓöÇΓöÇΓöÇΓöÇΓöÇΓöÇΓöÇΓöÇΓöÇ  
   FAILED  Tests\Feature\Guest\GuestControllerTest > newsletter subscription requires email                                               
  Session is missing expected key [errors].
Failed asserting that false is true.

  at tests\Feature\Guest\GuestControllerTest.php:222
    218Γûò     public function test_newsletter_subscription_requires_email(): void
    219Γûò     {
    220Γûò         $response = $this->post('/newsletter/subscribe', []);
    221Γûò 
  Γ₧£ 222Γûò         $response->assertSessionHasErrors('email');
    223Γûò     }
    224Γûò 
    225Γûò     /**
    226Γûò      * Test newsletter subscription requires valid email.

  ΓöÇΓöÇΓöÇΓöÇΓöÇΓöÇΓöÇΓöÇΓöÇΓöÇΓöÇΓöÇΓöÇΓöÇΓöÇΓöÇΓöÇΓöÇΓöÇΓöÇΓöÇΓöÇΓöÇΓöÇΓöÇΓöÇΓöÇΓöÇΓöÇΓöÇΓöÇΓöÇΓöÇΓöÇΓöÇΓöÇΓöÇΓöÇΓöÇΓöÇΓöÇΓöÇΓöÇΓöÇΓöÇΓöÇΓöÇΓöÇΓöÇΓöÇΓöÇΓöÇΓöÇΓöÇΓöÇΓöÇΓöÇΓöÇΓöÇΓöÇΓöÇΓöÇΓöÇΓöÇΓöÇΓöÇΓöÇΓöÇΓöÇΓöÇΓöÇΓöÇΓöÇΓöÇΓöÇΓöÇΓöÇΓöÇΓöÇΓöÇΓöÇΓöÇΓöÇΓöÇΓöÇΓöÇΓöÇΓöÇΓöÇΓöÇΓöÇΓöÇΓöÇΓöÇΓöÇΓöÇΓöÇΓöÇΓöÇΓöÇΓöÇΓöÇΓöÇΓöÇΓöÇΓöÇΓöÇΓöÇΓöÇΓöÇΓöÇΓöÇΓöÇΓöÇΓöÇΓöÇΓöÇΓöÇΓöÇΓöÇΓöÇΓöÇΓöÇΓöÇΓöÇΓöÇΓöÇΓöÇΓöÇΓöÇΓöÇΓöÇΓöÇΓöÇ  
   FAILED  Tests\Feature\Guest\GuestControllerTest > newsletter subscription requires valid email                                         
  Session is missing expected key [errors].
Failed asserting that false is true.

  at tests\Feature\Guest\GuestControllerTest.php:234
    230Γûò         $response = $this->post('/newsletter/subscribe', [
    231Γûò             'email' => 'not-an-email',
    232Γûò         ]);
    233Γûò 
  Γ₧£ 234Γûò         $response->assertSessionHasErrors('email');
    235Γûò     }
    236Γûò }
    237Γûò

  ΓöÇΓöÇΓöÇΓöÇΓöÇΓöÇΓöÇΓöÇΓöÇΓöÇΓöÇΓöÇΓöÇΓöÇΓöÇΓöÇΓöÇΓöÇΓöÇΓöÇΓöÇΓöÇΓöÇΓöÇΓöÇΓöÇΓöÇΓöÇΓöÇΓöÇΓöÇΓöÇΓöÇΓöÇΓöÇΓöÇΓöÇΓöÇΓöÇΓöÇΓöÇΓöÇΓöÇΓöÇΓöÇΓöÇΓöÇΓöÇΓöÇΓöÇΓöÇΓöÇΓöÇΓöÇΓöÇΓöÇΓöÇΓöÇΓöÇΓöÇΓöÇΓöÇΓöÇΓöÇΓöÇΓöÇΓöÇΓöÇΓöÇΓöÇΓöÇΓöÇΓöÇΓöÇΓöÇΓöÇΓöÇΓöÇΓöÇΓöÇΓöÇΓöÇΓöÇΓöÇΓöÇΓöÇΓöÇΓöÇΓöÇΓöÇΓöÇΓöÇΓöÇΓöÇΓöÇΓöÇΓöÇΓöÇΓöÇΓöÇΓöÇΓöÇΓöÇΓöÇΓöÇΓöÇΓöÇΓöÇΓöÇΓöÇΓöÇΓöÇΓöÇΓöÇΓöÇΓöÇΓöÇΓöÇΓöÇΓöÇΓöÇΓöÇΓöÇΓöÇΓöÇΓöÇΓöÇΓöÇΓöÇΓöÇΓöÇΓöÇΓöÇΓöÇ  
   FAILED  Tests\Feature\IntegrationTest > complete petani registration and verification flow                                             
  Failed asserting that null is not null.

  at tests\Feature\IntegrationTest.php:32
     28Γûò             'luas_lahan' => 2.5,
     29Γûò         ]);
     30Γûò 
     31Γûò         $petani = User::where('email', 'integration@example.com')->first();
  Γ₧£  32Γûò         $this->assertNotNull($petani);
     33Γûò         $this->assertEquals('petani', $petani->role);
     34Γûò         $this->assertFalse($petani->is_verified);
     35Γûò 
     36Γûò         // Step 2: Petani tries to login but is unverified

  1   tests\Feature\IntegrationTest.php:32

  ΓöÇΓöÇΓöÇΓöÇΓöÇΓöÇΓöÇΓöÇΓöÇΓöÇΓöÇΓöÇΓöÇΓöÇΓöÇΓöÇΓöÇΓöÇΓöÇΓöÇΓöÇΓöÇΓöÇΓöÇΓöÇΓöÇΓöÇΓöÇΓöÇΓöÇΓöÇΓöÇΓöÇΓöÇΓöÇΓöÇΓöÇΓöÇΓöÇΓöÇΓöÇΓöÇΓöÇΓöÇΓöÇΓöÇΓöÇΓöÇΓöÇΓöÇΓöÇΓöÇΓöÇΓöÇΓöÇΓöÇΓöÇΓöÇΓöÇΓöÇΓöÇΓöÇΓöÇΓöÇΓöÇΓöÇΓöÇΓöÇΓöÇΓöÇΓöÇΓöÇΓöÇΓöÇΓöÇΓöÇΓöÇΓöÇΓöÇΓöÇΓöÇΓöÇΓöÇΓöÇΓöÇΓöÇΓöÇΓöÇΓöÇΓöÇΓöÇΓöÇΓöÇΓöÇΓöÇΓöÇΓöÇΓöÇΓöÇΓöÇΓöÇΓöÇΓöÇΓöÇΓöÇΓöÇΓöÇΓöÇΓöÇΓöÇΓöÇΓöÇΓöÇΓöÇΓöÇΓöÇΓöÇΓöÇΓöÇΓöÇΓöÇΓöÇΓöÇΓöÇΓöÇΓöÇΓöÇΓöÇΓöÇΓöÇΓöÇΓöÇΓöÇΓöÇ  
   FAILED  Tests\Feature\IntegrationTest > complete laporan creation and verification flow                                                
  Failed asserting that null is not null.

  at tests\Feature\IntegrationTest.php:87
     83Γûò             'catatan' => 'Panen tahun ini baik',
     84Γûò         ]);
     85Γûò 
     86Γûò         $laporan = Laporan::where('user_id', $petani->id)->first();
  Γ₧£  87Γûò         $this->assertNotNull($laporan);
     88Γûò         $this->assertEquals('pending', $laporan->status);
     89Γûò 
     90Γûò         // Step 2: Petugas views the laporan
     91Γûò         $response = $this->actingAs($petugas)->get('/petugas/laporan');

  1   tests\Feature\IntegrationTest.php:87

  ΓöÇΓöÇΓöÇΓöÇΓöÇΓöÇΓöÇΓöÇΓöÇΓöÇΓöÇΓöÇΓöÇΓöÇΓöÇΓöÇΓöÇΓöÇΓöÇΓöÇΓöÇΓöÇΓöÇΓöÇΓöÇΓöÇΓöÇΓöÇΓöÇΓöÇΓöÇΓöÇΓöÇΓöÇΓöÇΓöÇΓöÇΓöÇΓöÇΓöÇΓöÇΓöÇΓöÇΓöÇΓöÇΓöÇΓöÇΓöÇΓöÇΓöÇΓöÇΓöÇΓöÇΓöÇΓöÇΓöÇΓöÇΓöÇΓöÇΓöÇΓöÇΓöÇΓöÇΓöÇΓöÇΓöÇΓöÇΓöÇΓöÇΓöÇΓöÇΓöÇΓöÇΓöÇΓöÇΓöÇΓöÇΓöÇΓöÇΓöÇΓöÇΓöÇΓöÇΓöÇΓöÇΓöÇΓöÇΓöÇΓöÇΓöÇΓöÇΓöÇΓöÇΓöÇΓöÇΓöÇΓöÇΓöÇΓöÇΓöÇΓöÇΓöÇΓöÇΓöÇΓöÇΓöÇΓöÇΓöÇΓöÇΓöÇΓöÇΓöÇΓöÇΓöÇΓöÇΓöÇΓöÇΓöÇΓöÇΓöÇΓöÇΓöÇΓöÇΓöÇΓöÇΓöÇΓöÇΓöÇΓöÇΓöÇΓöÇΓöÇΓöÇΓöÇ  
   FAILED  Tests\Feature\IntegrationTest > complete bantuan request and approval flow                                                     
  Failed asserting that null is not null.

  at tests\Feature\IntegrationTest.php:127
    123Γûò             'keterangan' => 'Membutuhkan pupuk untuk musim tanam',
    124Γûò         ]);
    125Γûò 
    126Γûò         $bantuan = Bantuan::where('user_id', $petani->id)->first();
  Γ₧£ 127Γûò         $this->assertNotNull($bantuan);
    128Γûò         $this->assertEquals('pending', $bantuan->status);
    129Γûò 
    130Γûò         // Step 2: Admin views bantuan list
    131Γûò         $response = $this->actingAs($admin)->get('/daftar-bantuan');

  1   tests\Feature\IntegrationTest.php:127

  ΓöÇΓöÇΓöÇΓöÇΓöÇΓöÇΓöÇΓöÇΓöÇΓöÇΓöÇΓöÇΓöÇΓöÇΓöÇΓöÇΓöÇΓöÇΓöÇΓöÇΓöÇΓöÇΓöÇΓöÇΓöÇΓöÇΓöÇΓöÇΓöÇΓöÇΓöÇΓöÇΓöÇΓöÇΓöÇΓöÇΓöÇΓöÇΓöÇΓöÇΓöÇΓöÇΓöÇΓöÇΓöÇΓöÇΓöÇΓöÇΓöÇΓöÇΓöÇΓöÇΓöÇΓöÇΓöÇΓöÇΓöÇΓöÇΓöÇΓöÇΓöÇΓöÇΓöÇΓöÇΓöÇΓöÇΓöÇΓöÇΓöÇΓöÇΓöÇΓöÇΓöÇΓöÇΓöÇΓöÇΓöÇΓöÇΓöÇΓöÇΓöÇΓöÇΓöÇΓöÇΓöÇΓöÇΓöÇΓöÇΓöÇΓöÇΓöÇΓöÇΓöÇΓöÇΓöÇΓöÇΓöÇΓöÇΓöÇΓöÇΓöÇΓöÇΓöÇΓöÇΓöÇΓöÇΓöÇΓöÇΓöÇΓöÇΓöÇΓöÇΓöÇΓöÇΓöÇΓöÇΓöÇΓöÇΓöÇΓöÇΓöÇΓöÇΓöÇΓöÇΓöÇΓöÇΓöÇΓöÇΓöÇΓöÇΓöÇΓöÇΓöÇΓöÇ  
   FAILED  Tests\Feature\IntegrationTest > multi user workflow                                                                            
  Failed asserting that false is true.

  at tests\Feature\IntegrationTest.php:187
    183Γûò 
    184Γûò         // Petugas verifies petani1
    185Γûò         $this->actingAs($petugas)->post("/petugas/petani/{$petani1->id}/verify");
    186Γûò         $petani1->refresh();
  Γ₧£ 187Γûò         $this->assertTrue($petani1->is_verified);
    188Γûò 
    189Γûò         // Petugas rejects petani2
    190Γûò         $this->actingAs($petugas)->delete("/petugas/petani/{$petani2->id}/reject");
    191Γûò         $this->assertDatabaseMissing('users', ['id' => $petani2->id]);

  1   tests\Feature\IntegrationTest.php:187

  ΓöÇΓöÇΓöÇΓöÇΓöÇΓöÇΓöÇΓöÇΓöÇΓöÇΓöÇΓöÇΓöÇΓöÇΓöÇΓöÇΓöÇΓöÇΓöÇΓöÇΓöÇΓöÇΓöÇΓöÇΓöÇΓöÇΓöÇΓöÇΓöÇΓöÇΓöÇΓöÇΓöÇΓöÇΓöÇΓöÇΓöÇΓöÇΓöÇΓöÇΓöÇΓöÇΓöÇΓöÇΓöÇΓöÇΓöÇΓöÇΓöÇΓöÇΓöÇΓöÇΓöÇΓöÇΓöÇΓöÇΓöÇΓöÇΓöÇΓöÇΓöÇΓöÇΓöÇΓöÇΓöÇΓöÇΓöÇΓöÇΓöÇΓöÇΓöÇΓöÇΓöÇΓöÇΓöÇΓöÇΓöÇΓöÇΓöÇΓöÇΓöÇΓöÇΓöÇΓöÇΓöÇΓöÇΓöÇΓöÇΓöÇΓöÇΓöÇΓöÇΓöÇΓöÇΓöÇΓöÇΓöÇΓöÇΓöÇΓöÇΓöÇΓöÇΓöÇΓöÇΓöÇΓöÇΓöÇΓöÇΓöÇΓöÇΓöÇΓöÇΓöÇΓöÇΓöÇΓöÇΓöÇΓöÇΓöÇΓöÇΓöÇΓöÇΓöÇΓöÇΓöÇΓöÇΓöÇΓöÇΓöÇΓöÇΓöÇΓöÇΓöÇΓöÇ  
   FAILED  Tests\Feature\Petani\PetaniBantuanTest > petani can create bantuan request                                                     
  Failed asserting that a row in the table [bantuans] matches the attributes {
    "user_id": 66,
    "jenis_bantuan": "Pupuk",
    "jumlah": 100,
    "status": "pending"
}.

The table is empty.

  at tests\Feature\Petani\PetaniBantuanTest.php:39
     35Γûò             'tanggal_permintaan' => now()->format('Y-m-d'),
     36Γûò             'keterangan' => 'Membutuhkan pupuk untuk musim tanam',
     37Γûò         ]);
     38Γûò 
  Γ₧£  39Γûò         $this->assertDatabaseHas('bantuans', [
     40Γûò             'user_id' => $petani->id,
     41Γûò             'jenis_bantuan' => 'Pupuk',
     42Γûò             'jumlah' => 100,
     43Γûò             'status' => 'pending',

  ΓöÇΓöÇΓöÇΓöÇΓöÇΓöÇΓöÇΓöÇΓöÇΓöÇΓöÇΓöÇΓöÇΓöÇΓöÇΓöÇΓöÇΓöÇΓöÇΓöÇΓöÇΓöÇΓöÇΓöÇΓöÇΓöÇΓöÇΓöÇΓöÇΓöÇΓöÇΓöÇΓöÇΓöÇΓöÇΓöÇΓöÇΓöÇΓöÇΓöÇΓöÇΓöÇΓöÇΓöÇΓöÇΓöÇΓöÇΓöÇΓöÇΓöÇΓöÇΓöÇΓöÇΓöÇΓöÇΓöÇΓöÇΓöÇΓöÇΓöÇΓöÇΓöÇΓöÇΓöÇΓöÇΓöÇΓöÇΓöÇΓöÇΓöÇΓöÇΓöÇΓöÇΓöÇΓöÇΓöÇΓöÇΓöÇΓöÇΓöÇΓöÇΓöÇΓöÇΓöÇΓöÇΓöÇΓöÇΓöÇΓöÇΓöÇΓöÇΓöÇΓöÇΓöÇΓöÇΓöÇΓöÇΓöÇΓöÇΓöÇΓöÇΓöÇΓöÇΓöÇΓöÇΓöÇΓöÇΓöÇΓöÇΓöÇΓöÇΓöÇΓöÇΓöÇΓöÇΓöÇΓöÇΓöÇΓöÇΓöÇΓöÇΓöÇΓöÇΓöÇΓöÇΓöÇΓöÇΓöÇΓöÇΓöÇΓöÇΓöÇΓöÇΓöÇ  
   FAILED  Tests\Feature\Petani\PetaniBantuanTest > petani can edit their pending bantuan                                                 
  Failed asserting that a row in the table [bantuans] matches the attributes {
    "id": 13,
    "jenis_bantuan": "Pupuk Organik",
    "jumlah": 150
}.

Found similar results: [
    {
        "id": 13,
        "jenis_bantuan": "Pupuk",
        "jumlah": 100
    }
].

  at tests\Feature\Petani\PetaniBantuanTest.php:93
     89Γûò             'tanggal_permintaan' => now()->format('Y-m-d'),
     90Γûò             'keterangan' => 'Updated keterangan',
     91Γûò         ]);
     92Γûò 
  Γ₧£  93Γûò         $this->assertDatabaseHas('bantuans', [
     94Γûò             'id' => $bantuan->id,
     95Γûò             'jenis_bantuan' => 'Pupuk Organik',
     96Γûò             'jumlah' => 150,
     97Γûò         ]);

  ΓöÇΓöÇΓöÇΓöÇΓöÇΓöÇΓöÇΓöÇΓöÇΓöÇΓöÇΓöÇΓöÇΓöÇΓöÇΓöÇΓöÇΓöÇΓöÇΓöÇΓöÇΓöÇΓöÇΓöÇΓöÇΓöÇΓöÇΓöÇΓöÇΓöÇΓöÇΓöÇΓöÇΓöÇΓöÇΓöÇΓöÇΓöÇΓöÇΓöÇΓöÇΓöÇΓöÇΓöÇΓöÇΓöÇΓöÇΓöÇΓöÇΓöÇΓöÇΓöÇΓöÇΓöÇΓöÇΓöÇΓöÇΓöÇΓöÇΓöÇΓöÇΓöÇΓöÇΓöÇΓöÇΓöÇΓöÇΓöÇΓöÇΓöÇΓöÇΓöÇΓöÇΓöÇΓöÇΓöÇΓöÇΓöÇΓöÇΓöÇΓöÇΓöÇΓöÇΓöÇΓöÇΓöÇΓöÇΓöÇΓöÇΓöÇΓöÇΓöÇΓöÇΓöÇΓöÇΓöÇΓöÇΓöÇΓöÇΓöÇΓöÇΓöÇΓöÇΓöÇΓöÇΓöÇΓöÇΓöÇΓöÇΓöÇΓöÇΓöÇΓöÇΓöÇΓöÇΓöÇΓöÇΓöÇΓöÇΓöÇΓöÇΓöÇΓöÇΓöÇΓöÇΓöÇΓöÇΓöÇΓöÇΓöÇΓöÇΓöÇΓöÇΓöÇ  
   FAILED  Tests\Feature\Petani\PetaniBantuanTest > petani can delete their pending bantuan                                               
  Failed asserting that a row in the table [bantuans] does not match the attributes {
    "id": 15
}.

Found similar results: [
    {
        "id": 15
    }
].

  at tests\Feature\Petani\PetaniBantuanTest.php:143
    139Γûò         $bantuanId = $bantuan->id;
    140Γûò 
    141Γûò         $response = $this->actingAs($petani)->delete("/petani/bantuan/{$bantuan->id}");
    142Γûò 
  Γ₧£ 143Γûò         $this->assertDatabaseMissing('bantuans', [
    144Γûò             'id' => $bantuanId,
    145Γûò         ]);
    146Γûò 
    147Γûò         $response->assertRedirect();

  ΓöÇΓöÇΓöÇΓöÇΓöÇΓöÇΓöÇΓöÇΓöÇΓöÇΓöÇΓöÇΓöÇΓöÇΓöÇΓöÇΓöÇΓöÇΓöÇΓöÇΓöÇΓöÇΓöÇΓöÇΓöÇΓöÇΓöÇΓöÇΓöÇΓöÇΓöÇΓöÇΓöÇΓöÇΓöÇΓöÇΓöÇΓöÇΓöÇΓöÇΓöÇΓöÇΓöÇΓöÇΓöÇΓöÇΓöÇΓöÇΓöÇΓöÇΓöÇΓöÇΓöÇΓöÇΓöÇΓöÇΓöÇΓöÇΓöÇΓöÇΓöÇΓöÇΓöÇΓöÇΓöÇΓöÇΓöÇΓöÇΓöÇΓöÇΓöÇΓöÇΓöÇΓöÇΓöÇΓöÇΓöÇΓöÇΓöÇΓöÇΓöÇΓöÇΓöÇΓöÇΓöÇΓöÇΓöÇΓöÇΓöÇΓöÇΓöÇΓöÇΓöÇΓöÇΓöÇΓöÇΓöÇΓöÇΓöÇΓöÇΓöÇΓöÇΓöÇΓöÇΓöÇΓöÇΓöÇΓöÇΓöÇΓöÇΓöÇΓöÇΓöÇΓöÇΓöÇΓöÇΓöÇΓöÇΓöÇΓöÇΓöÇΓöÇΓöÇΓöÇΓöÇΓöÇΓöÇΓöÇΓöÇΓöÇΓöÇΓöÇΓöÇΓöÇ  
   FAILED  Tests\Feature\Petani\PetaniBantuanTest > bantuan creation requires jenis bantuan                                               
  Session is missing expected key [errors].
Failed asserting that false is true.

  at tests\Feature\Petani\PetaniBantuanTest.php:163
    159Γûò             'jumlah' => 100,
    160Γûò             'tanggal_permintaan' => now()->format('Y-m-d'),
    161Γûò         ]);
    162Γûò 
  Γ₧£ 163Γûò         $response->assertSessionHasErrors('jenis_bantuan');
    164Γûò     }
    165Γûò 
    166Γûò     /**
    167Γûò      * Test bantuan creation requires jumlah.

  ΓöÇΓöÇΓöÇΓöÇΓöÇΓöÇΓöÇΓöÇΓöÇΓöÇΓöÇΓöÇΓöÇΓöÇΓöÇΓöÇΓöÇΓöÇΓöÇΓöÇΓöÇΓöÇΓöÇΓöÇΓöÇΓöÇΓöÇΓöÇΓöÇΓöÇΓöÇΓöÇΓöÇΓöÇΓöÇΓöÇΓöÇΓöÇΓöÇΓöÇΓöÇΓöÇΓöÇΓöÇΓöÇΓöÇΓöÇΓöÇΓöÇΓöÇΓöÇΓöÇΓöÇΓöÇΓöÇΓöÇΓöÇΓöÇΓöÇΓöÇΓöÇΓöÇΓöÇΓöÇΓöÇΓöÇΓöÇΓöÇΓöÇΓöÇΓöÇΓöÇΓöÇΓöÇΓöÇΓöÇΓöÇΓöÇΓöÇΓöÇΓöÇΓöÇΓöÇΓöÇΓöÇΓöÇΓöÇΓöÇΓöÇΓöÇΓöÇΓöÇΓöÇΓöÇΓöÇΓöÇΓöÇΓöÇΓöÇΓöÇΓöÇΓöÇΓöÇΓöÇΓöÇΓöÇΓöÇΓöÇΓöÇΓöÇΓöÇΓöÇΓöÇΓöÇΓöÇΓöÇΓöÇΓöÇΓöÇΓöÇΓöÇΓöÇΓöÇΓöÇΓöÇΓöÇΓöÇΓöÇΓöÇΓöÇΓöÇΓöÇΓöÇΓöÇ  
   FAILED  Tests\Feature\Petani\PetaniBantuanTest > bantuan creation requires jumlah                                                      
  Session is missing expected key [errors].
Failed asserting that false is true.

  at tests\Feature\Petani\PetaniBantuanTest.php:178
    174Γûò             'jenis_bantuan' => 'Pupuk',
    175Γûò             'tanggal_permintaan' => now()->format('Y-m-d'),
    176Γûò         ]);
    177Γûò 
  Γ₧£ 178Γûò         $response->assertSessionHasErrors('jumlah');
    179Γûò     }
    180Γûò }
    181Γûò

  ΓöÇΓöÇΓöÇΓöÇΓöÇΓöÇΓöÇΓöÇΓöÇΓöÇΓöÇΓöÇΓöÇΓöÇΓöÇΓöÇΓöÇΓöÇΓöÇΓöÇΓöÇΓöÇΓöÇΓöÇΓöÇΓöÇΓöÇΓöÇΓöÇΓöÇΓöÇΓöÇΓöÇΓöÇΓöÇΓöÇΓöÇΓöÇΓöÇΓöÇΓöÇΓöÇΓöÇΓöÇΓöÇΓöÇΓöÇΓöÇΓöÇΓöÇΓöÇΓöÇΓöÇΓöÇΓöÇΓöÇΓöÇΓöÇΓöÇΓöÇΓöÇΓöÇΓöÇΓöÇΓöÇΓöÇΓöÇΓöÇΓöÇΓöÇΓöÇΓöÇΓöÇΓöÇΓöÇΓöÇΓöÇΓöÇΓöÇΓöÇΓöÇΓöÇΓöÇΓöÇΓöÇΓöÇΓöÇΓöÇΓöÇΓöÇΓöÇΓöÇΓöÇΓöÇΓöÇΓöÇΓöÇΓöÇΓöÇΓöÇΓöÇΓöÇΓöÇΓöÇΓöÇΓöÇΓöÇΓöÇΓöÇΓöÇΓöÇΓöÇΓöÇΓöÇΓöÇΓöÇΓöÇΓöÇΓöÇΓöÇΓöÇΓöÇΓöÇΓöÇΓöÇΓöÇΓöÇΓöÇΓöÇΓöÇΓöÇΓöÇΓöÇΓöÇ  
   FAILED  Tests\Feature\Petani\PetaniLaporanTest > petani can create laporan                                                             
  Failed asserting that a row in the table [laporans] matches the attributes {
    "user_id": 75,
    "jenis_tanaman": "Padi",
    "hasil_panen": 1500,
    "status": "pending"
}.

The table is empty.

  at tests\Feature\Petani\PetaniLaporanTest.php:41
     37Γûò             'kualitas_panen' => 'Baik',
     38Γûò             'catatan' => 'Panen tahun ini sangat baik',
     39Γûò         ]);
     40Γûò 
  Γ₧£  41Γûò         $this->assertDatabaseHas('laporans', [
     42Γûò             'user_id' => $petani->id,
     43Γûò             'jenis_tanaman' => 'Padi',
     44Γûò             'hasil_panen' => 1500,
     45Γûò             'status' => 'pending',

  ΓöÇΓöÇΓöÇΓöÇΓöÇΓöÇΓöÇΓöÇΓöÇΓöÇΓöÇΓöÇΓöÇΓöÇΓöÇΓöÇΓöÇΓöÇΓöÇΓöÇΓöÇΓöÇΓöÇΓöÇΓöÇΓöÇΓöÇΓöÇΓöÇΓöÇΓöÇΓöÇΓöÇΓöÇΓöÇΓöÇΓöÇΓöÇΓöÇΓöÇΓöÇΓöÇΓöÇΓöÇΓöÇΓöÇΓöÇΓöÇΓöÇΓöÇΓöÇΓöÇΓöÇΓöÇΓöÇΓöÇΓöÇΓöÇΓöÇΓöÇΓöÇΓöÇΓöÇΓöÇΓöÇΓöÇΓöÇΓöÇΓöÇΓöÇΓöÇΓöÇΓöÇΓöÇΓöÇΓöÇΓöÇΓöÇΓöÇΓöÇΓöÇΓöÇΓöÇΓöÇΓöÇΓöÇΓöÇΓöÇΓöÇΓöÇΓöÇΓöÇΓöÇΓöÇΓöÇΓöÇΓöÇΓöÇΓöÇΓöÇΓöÇΓöÇΓöÇΓöÇΓöÇΓöÇΓöÇΓöÇΓöÇΓöÇΓöÇΓöÇΓöÇΓöÇΓöÇΓöÇΓöÇΓöÇΓöÇΓöÇΓöÇΓöÇΓöÇΓöÇΓöÇΓöÇΓöÇΓöÇΓöÇΓöÇΓöÇΓöÇΓöÇΓöÇ  
   FAILED  Tests\Feature\Petani\PetaniLaporanTest > petani can edit their own laporan                                                     
  Failed asserting that a row in the table [laporans] matches the attributes {
    "id": 13,
    "jenis_tanaman": "Padi Hibrida",
    "hasil_panen": 1200
}.

Found similar results: [
    {
        "id": 13,
        "jenis_tanaman": "Padi",
        "hasil_panen": "1000.00"
    }
].

  at tests\Feature\Petani\PetaniLaporanTest.php:96
     92Γûò             'luas_lahan' => 2.0,
     93Γûò             'kualitas_panen' => 'Sangat Baik',
     94Γûò         ]);
     95Γûò 
  Γ₧£  96Γûò         $this->assertDatabaseHas('laporans', [
     97Γûò             'id' => $laporan->id,
     98Γûò             'jenis_tanaman' => 'Padi Hibrida',
     99Γûò             'hasil_panen' => 1200,
    100Γûò         ]);

  ΓöÇΓöÇΓöÇΓöÇΓöÇΓöÇΓöÇΓöÇΓöÇΓöÇΓöÇΓöÇΓöÇΓöÇΓöÇΓöÇΓöÇΓöÇΓöÇΓöÇΓöÇΓöÇΓöÇΓöÇΓöÇΓöÇΓöÇΓöÇΓöÇΓöÇΓöÇΓöÇΓöÇΓöÇΓöÇΓöÇΓöÇΓöÇΓöÇΓöÇΓöÇΓöÇΓöÇΓöÇΓöÇΓöÇΓöÇΓöÇΓöÇΓöÇΓöÇΓöÇΓöÇΓöÇΓöÇΓöÇΓöÇΓöÇΓöÇΓöÇΓöÇΓöÇΓöÇΓöÇΓöÇΓöÇΓöÇΓöÇΓöÇΓöÇΓöÇΓöÇΓöÇΓöÇΓöÇΓöÇΓöÇΓöÇΓöÇΓöÇΓöÇΓöÇΓöÇΓöÇΓöÇΓöÇΓöÇΓöÇΓöÇΓöÇΓöÇΓöÇΓöÇΓöÇΓöÇΓöÇΓöÇΓöÇΓöÇΓöÇΓöÇΓöÇΓöÇΓöÇΓöÇΓöÇΓöÇΓöÇΓöÇΓöÇΓöÇΓöÇΓöÇΓöÇΓöÇΓöÇΓöÇΓöÇΓöÇΓöÇΓöÇΓöÇΓöÇΓöÇΓöÇΓöÇΓöÇΓöÇΓöÇΓöÇΓöÇΓöÇΓöÇΓöÇ  
   FAILED  Tests\Feature\Petani\PetaniLaporanTest > petani can delete their own laporan                                                   
  Failed asserting that a row in the table [laporans] does not match the attributes {
    "id": 15
}.

Found similar results: [
    {
        "id": 15
    }
].

  at tests\Feature\Petani\PetaniLaporanTest.php:146
    142Γûò         $laporanId = $laporan->id;
    143Γûò 
    144Γûò         $response = $this->actingAs($petani)->delete("/petani/laporan/{$laporan->id}");
    145Γûò 
  Γ₧£ 146Γûò         $this->assertDatabaseMissing('laporans', [
    147Γûò             'id' => $laporanId,
    148Γûò         ]);
    149Γûò 
    150Γûò         $response->assertRedirect();

  ΓöÇΓöÇΓöÇΓöÇΓöÇΓöÇΓöÇΓöÇΓöÇΓöÇΓöÇΓöÇΓöÇΓöÇΓöÇΓöÇΓöÇΓöÇΓöÇΓöÇΓöÇΓöÇΓöÇΓöÇΓöÇΓöÇΓöÇΓöÇΓöÇΓöÇΓöÇΓöÇΓöÇΓöÇΓöÇΓöÇΓöÇΓöÇΓöÇΓöÇΓöÇΓöÇΓöÇΓöÇΓöÇΓöÇΓöÇΓöÇΓöÇΓöÇΓöÇΓöÇΓöÇΓöÇΓöÇΓöÇΓöÇΓöÇΓöÇΓöÇΓöÇΓöÇΓöÇΓöÇΓöÇΓöÇΓöÇΓöÇΓöÇΓöÇΓöÇΓöÇΓöÇΓöÇΓöÇΓöÇΓöÇΓöÇΓöÇΓöÇΓöÇΓöÇΓöÇΓöÇΓöÇΓöÇΓöÇΓöÇΓöÇΓöÇΓöÇΓöÇΓöÇΓöÇΓöÇΓöÇΓöÇΓöÇΓöÇΓöÇΓöÇΓöÇΓöÇΓöÇΓöÇΓöÇΓöÇΓöÇΓöÇΓöÇΓöÇΓöÇΓöÇΓöÇΓöÇΓöÇΓöÇΓöÇΓöÇΓöÇΓöÇΓöÇΓöÇΓöÇΓöÇΓöÇΓöÇΓöÇΓöÇΓöÇΓöÇΓöÇΓöÇΓöÇ  
   FAILED  Tests\Feature\Petani\PetaniLaporanTest > laporan creation requires jenis tanaman                                               
  Session is missing expected key [errors].
Failed asserting that false is true.

  at tests\Feature\Petani\PetaniLaporanTest.php:166
    162Γûò             'hasil_panen' => 1000,
    163Γûò             'tanggal_panen' => now()->format('Y-m-d'),
    164Γûò         ]);
    165Γûò 
  Γ₧£ 166Γûò         $response->assertSessionHasErrors('jenis_tanaman');
    167Γûò     }
    168Γûò 
    169Γûò     /**
    170Γûò      * Test laporan creation requires hasil_panen.

  ΓöÇΓöÇΓöÇΓöÇΓöÇΓöÇΓöÇΓöÇΓöÇΓöÇΓöÇΓöÇΓöÇΓöÇΓöÇΓöÇΓöÇΓöÇΓöÇΓöÇΓöÇΓöÇΓöÇΓöÇΓöÇΓöÇΓöÇΓöÇΓöÇΓöÇΓöÇΓöÇΓöÇΓöÇΓöÇΓöÇΓöÇΓöÇΓöÇΓöÇΓöÇΓöÇΓöÇΓöÇΓöÇΓöÇΓöÇΓöÇΓöÇΓöÇΓöÇΓöÇΓöÇΓöÇΓöÇΓöÇΓöÇΓöÇΓöÇΓöÇΓöÇΓöÇΓöÇΓöÇΓöÇΓöÇΓöÇΓöÇΓöÇΓöÇΓöÇΓöÇΓöÇΓöÇΓöÇΓöÇΓöÇΓöÇΓöÇΓöÇΓöÇΓöÇΓöÇΓöÇΓöÇΓöÇΓöÇΓöÇΓöÇΓöÇΓöÇΓöÇΓöÇΓöÇΓöÇΓöÇΓöÇΓöÇΓöÇΓöÇΓöÇΓöÇΓöÇΓöÇΓöÇΓöÇΓöÇΓöÇΓöÇΓöÇΓöÇΓöÇΓöÇΓöÇΓöÇΓöÇΓöÇΓöÇΓöÇΓöÇΓöÇΓöÇΓöÇΓöÇΓöÇΓöÇΓöÇΓöÇΓöÇΓöÇΓöÇΓöÇΓöÇΓöÇ  
   FAILED  Tests\Feature\Petani\PetaniLaporanTest > laporan creation requires hasil panen                                                 
  Session is missing expected key [errors].
Failed asserting that false is true.

  at tests\Feature\Petani\PetaniLaporanTest.php:181
    177Γûò             'jenis_tanaman' => 'Padi',
    178Γûò             'tanggal_panen' => now()->format('Y-m-d'),
    179Γûò         ]);
    180Γûò 
  Γ₧£ 181Γûò         $response->assertSessionHasErrors('hasil_panen');
    182Γûò     }
    183Γûò 
    184Γûò     /**
    185Γûò      * Test laporan creation requires tanggal_panen.

  ΓöÇΓöÇΓöÇΓöÇΓöÇΓöÇΓöÇΓöÇΓöÇΓöÇΓöÇΓöÇΓöÇΓöÇΓöÇΓöÇΓöÇΓöÇΓöÇΓöÇΓöÇΓöÇΓöÇΓöÇΓöÇΓöÇΓöÇΓöÇΓöÇΓöÇΓöÇΓöÇΓöÇΓöÇΓöÇΓöÇΓöÇΓöÇΓöÇΓöÇΓöÇΓöÇΓöÇΓöÇΓöÇΓöÇΓöÇΓöÇΓöÇΓöÇΓöÇΓöÇΓöÇΓöÇΓöÇΓöÇΓöÇΓöÇΓöÇΓöÇΓöÇΓöÇΓöÇΓöÇΓöÇΓöÇΓöÇΓöÇΓöÇΓöÇΓöÇΓöÇΓöÇΓöÇΓöÇΓöÇΓöÇΓöÇΓöÇΓöÇΓöÇΓöÇΓöÇΓöÇΓöÇΓöÇΓöÇΓöÇΓöÇΓöÇΓöÇΓöÇΓöÇΓöÇΓöÇΓöÇΓöÇΓöÇΓöÇΓöÇΓöÇΓöÇΓöÇΓöÇΓöÇΓöÇΓöÇΓöÇΓöÇΓöÇΓöÇΓöÇΓöÇΓöÇΓöÇΓöÇΓöÇΓöÇΓöÇΓöÇΓöÇΓöÇΓöÇΓöÇΓöÇΓöÇΓöÇΓöÇΓöÇΓöÇΓöÇΓöÇΓöÇΓöÇ  
   FAILED  Tests\Feature\Petani\PetaniLaporanTest > laporan creation requires tanggal panen                                               
  Session is missing expected key [errors].
Failed asserting that false is true.

  at tests\Feature\Petani\PetaniLaporanTest.php:196
    192Γûò             'jenis_tanaman' => 'Padi',
    193Γûò             'hasil_panen' => 1000,
    194Γûò         ]);
    195Γûò 
  Γ₧£ 196Γûò         $response->assertSessionHasErrors('tanggal_panen');
    197Γûò     }
    198Γûò 
    199Γûò     /**
    200Γûò      * Test unverified petani cannot create laporan.

  ΓöÇΓöÇΓöÇΓöÇΓöÇΓöÇΓöÇΓöÇΓöÇΓöÇΓöÇΓöÇΓöÇΓöÇΓöÇΓöÇΓöÇΓöÇΓöÇΓöÇΓöÇΓöÇΓöÇΓöÇΓöÇΓöÇΓöÇΓöÇΓöÇΓöÇΓöÇΓöÇΓöÇΓöÇΓöÇΓöÇΓöÇΓöÇΓöÇΓöÇΓöÇΓöÇΓöÇΓöÇΓöÇΓöÇΓöÇΓöÇΓöÇΓöÇΓöÇΓöÇΓöÇΓöÇΓöÇΓöÇΓöÇΓöÇΓöÇΓöÇΓöÇΓöÇΓöÇΓöÇΓöÇΓöÇΓöÇΓöÇΓöÇΓöÇΓöÇΓöÇΓöÇΓöÇΓöÇΓöÇΓöÇΓöÇΓöÇΓöÇΓöÇΓöÇΓöÇΓöÇΓöÇΓöÇΓöÇΓöÇΓöÇΓöÇΓöÇΓöÇΓöÇΓöÇΓöÇΓöÇΓöÇΓöÇΓöÇΓöÇΓöÇΓöÇΓöÇΓöÇΓöÇΓöÇΓöÇΓöÇΓöÇΓöÇΓöÇΓöÇΓöÇΓöÇΓöÇΓöÇΓöÇΓöÇΓöÇΓöÇΓöÇΓöÇΓöÇΓöÇΓöÇΓöÇΓöÇΓöÇΓöÇΓöÇΓöÇΓöÇΓöÇΓöÇ  
   FAILED  Tests\Feature\Petugas\PetugasLaporanTest > petugas can verify laporan                                                          
  Failed asserting that a row in the table [laporans] matches the attributes {
    "id": 17,
    "status": "verified"
}.

Found similar results: [
    {
        "id": 17,
        "status": "pending"
    }
].

  at tests\Feature\Petugas\PetugasLaporanTest.php:79
     75Γûò         ]);
     76Γûò 
     77Γûò         $response = $this->actingAs($petugas)->post("/petugas/laporan/{$laporan->id}/verify");
     78Γûò 
  Γ₧£  79Γûò         $this->assertDatabaseHas('laporans', [
     80Γûò             'id' => $laporan->id,
     81Γûò             'status' => 'verified',
     82Γûò         ]);
     83Γûò

  ΓöÇΓöÇΓöÇΓöÇΓöÇΓöÇΓöÇΓöÇΓöÇΓöÇΓöÇΓöÇΓöÇΓöÇΓöÇΓöÇΓöÇΓöÇΓöÇΓöÇΓöÇΓöÇΓöÇΓöÇΓöÇΓöÇΓöÇΓöÇΓöÇΓöÇΓöÇΓöÇΓöÇΓöÇΓöÇΓöÇΓöÇΓöÇΓöÇΓöÇΓöÇΓöÇΓöÇΓöÇΓöÇΓöÇΓöÇΓöÇΓöÇΓöÇΓöÇΓöÇΓöÇΓöÇΓöÇΓöÇΓöÇΓöÇΓöÇΓöÇΓöÇΓöÇΓöÇΓöÇΓöÇΓöÇΓöÇΓöÇΓöÇΓöÇΓöÇΓöÇΓöÇΓöÇΓöÇΓöÇΓöÇΓöÇΓöÇΓöÇΓöÇΓöÇΓöÇΓöÇΓöÇΓöÇΓöÇΓöÇΓöÇΓöÇΓöÇΓöÇΓöÇΓöÇΓöÇΓöÇΓöÇΓöÇΓöÇΓöÇΓöÇΓöÇΓöÇΓöÇΓöÇΓöÇΓöÇΓöÇΓöÇΓöÇΓöÇΓöÇΓöÇΓöÇΓöÇΓöÇΓöÇΓöÇΓöÇΓöÇΓöÇΓöÇΓöÇΓöÇΓöÇΓöÇΓöÇΓöÇΓöÇΓöÇΓöÇΓöÇΓöÇΓöÇ  
   FAILED  Tests\Feature\Petugas\PetugasLaporanTest > petugas can reject laporan                                                          
  Failed asserting that a row in the table [laporans] matches the attributes {
    "id": 18,
    "status": "rejected"
}.

Found similar results: [
    {
        "id": 18,
        "status": "pending"
    }
].

  at tests\Feature\Petugas\PetugasLaporanTest.php:108
    104Γûò         $response = $this->actingAs($petugas)->delete("/petugas/laporan/{$laporan->id}/reject", [
    105Γûò             'alasan' => 'Data tidak valid',
    106Γûò         ]);
    107Γûò 
  Γ₧£ 108Γûò         $this->assertDatabaseHas('laporans', [
    109Γûò             'id' => $laporan->id,
    110Γûò             'status' => 'rejected',
    111Γûò         ]);
    112Γûò

  ΓöÇΓöÇΓöÇΓöÇΓöÇΓöÇΓöÇΓöÇΓöÇΓöÇΓöÇΓöÇΓöÇΓöÇΓöÇΓöÇΓöÇΓöÇΓöÇΓöÇΓöÇΓöÇΓöÇΓöÇΓöÇΓöÇΓöÇΓöÇΓöÇΓöÇΓöÇΓöÇΓöÇΓöÇΓöÇΓöÇΓöÇΓöÇΓöÇΓöÇΓöÇΓöÇΓöÇΓöÇΓöÇΓöÇΓöÇΓöÇΓöÇΓöÇΓöÇΓöÇΓöÇΓöÇΓöÇΓöÇΓöÇΓöÇΓöÇΓöÇΓöÇΓöÇΓöÇΓöÇΓöÇΓöÇΓöÇΓöÇΓöÇΓöÇΓöÇΓöÇΓöÇΓöÇΓöÇΓöÇΓöÇΓöÇΓöÇΓöÇΓöÇΓöÇΓöÇΓöÇΓöÇΓöÇΓöÇΓöÇΓöÇΓöÇΓöÇΓöÇΓöÇΓöÇΓöÇΓöÇΓöÇΓöÇΓöÇΓöÇΓöÇΓöÇΓöÇΓöÇΓöÇΓöÇΓöÇΓöÇΓöÇΓöÇΓöÇΓöÇΓöÇΓöÇΓöÇΓöÇΓöÇΓöÇΓöÇΓöÇΓöÇΓöÇΓöÇΓöÇΓöÇΓöÇΓöÇΓöÇΓöÇΓöÇΓöÇΓöÇΓöÇΓöÇ  
   FAILED  Tests\Feature\Petugas\PetugasLaporanTest > petani cannot verify laporan                                                        
  Expected response status code [201, 301, 302, 303, 307, 308] but received 419.
Failed asserting that false is true.

  at tests\Feature\Petugas\PetugasLaporanTest.php:134
    130Γûò         ]);
    131Γûò 
    132Γûò         $response = $this->actingAs($petani)->post("/petugas/laporan/{$laporan->id}/verify");
    133Γûò 
  Γ₧£ 134Γûò         $response->assertRedirect('/dashboard');
    135Γûò         $response->assertSessionHas('error');
    136Γûò     }
    137Γûò }
    138Γûò

  ΓöÇΓöÇΓöÇΓöÇΓöÇΓöÇΓöÇΓöÇΓöÇΓöÇΓöÇΓöÇΓöÇΓöÇΓöÇΓöÇΓöÇΓöÇΓöÇΓöÇΓöÇΓöÇΓöÇΓöÇΓöÇΓöÇΓöÇΓöÇΓöÇΓöÇΓöÇΓöÇΓöÇΓöÇΓöÇΓöÇΓöÇΓöÇΓöÇΓöÇΓöÇΓöÇΓöÇΓöÇΓöÇΓöÇΓöÇΓöÇΓöÇΓöÇΓöÇΓöÇΓöÇΓöÇΓöÇΓöÇΓöÇΓöÇΓöÇΓöÇΓöÇΓöÇΓöÇΓöÇΓöÇΓöÇΓöÇΓöÇΓöÇΓöÇΓöÇΓöÇΓöÇΓöÇΓöÇΓöÇΓöÇΓöÇΓöÇΓöÇΓöÇΓöÇΓöÇΓöÇΓöÇΓöÇΓöÇΓöÇΓöÇΓöÇΓöÇΓöÇΓöÇΓöÇΓöÇΓöÇΓöÇΓöÇΓöÇΓöÇΓöÇΓöÇΓöÇΓöÇΓöÇΓöÇΓöÇΓöÇΓöÇΓöÇΓöÇΓöÇΓöÇΓöÇΓöÇΓöÇΓöÇΓöÇΓöÇΓöÇΓöÇΓöÇΓöÇΓöÇΓöÇΓöÇΓöÇΓöÇΓöÇΓöÇΓöÇΓöÇΓöÇΓöÇ  
   FAILED  Tests\Feature\Petugas\PetugasPetaniTest > petugas can verify petani                                                            
  Failed asserting that a row in the table [users] matches the attributes {
    "id": 98,
    "is_verified": true
}.

Found similar results: [
    {
        "id": 98,
        "is_verified": 0
    }
].

  at tests\Feature\Petugas\PetugasPetaniTest.php:52
     48Γûò         ]);
     49Γûò 
     50Γûò         $response = $this->actingAs($petugas)->post("/petugas/petani/{$petani->id}/verify");
     51Γûò 
  Γ₧£  52Γûò         $this->assertDatabaseHas('users', [
     53Γûò             'id' => $petani->id,
     54Γûò             'is_verified' => true,
     55Γûò         ]);
     56Γûò

  ΓöÇΓöÇΓöÇΓöÇΓöÇΓöÇΓöÇΓöÇΓöÇΓöÇΓöÇΓöÇΓöÇΓöÇΓöÇΓöÇΓöÇΓöÇΓöÇΓöÇΓöÇΓöÇΓöÇΓöÇΓöÇΓöÇΓöÇΓöÇΓöÇΓöÇΓöÇΓöÇΓöÇΓöÇΓöÇΓöÇΓöÇΓöÇΓöÇΓöÇΓöÇΓöÇΓöÇΓöÇΓöÇΓöÇΓöÇΓöÇΓöÇΓöÇΓöÇΓöÇΓöÇΓöÇΓöÇΓöÇΓöÇΓöÇΓöÇΓöÇΓöÇΓöÇΓöÇΓöÇΓöÇΓöÇΓöÇΓöÇΓöÇΓöÇΓöÇΓöÇΓöÇΓöÇΓöÇΓöÇΓöÇΓöÇΓöÇΓöÇΓöÇΓöÇΓöÇΓöÇΓöÇΓöÇΓöÇΓöÇΓöÇΓöÇΓöÇΓöÇΓöÇΓöÇΓöÇΓöÇΓöÇΓöÇΓöÇΓöÇΓöÇΓöÇΓöÇΓöÇΓöÇΓöÇΓöÇΓöÇΓöÇΓöÇΓöÇΓöÇΓöÇΓöÇΓöÇΓöÇΓöÇΓöÇΓöÇΓöÇΓöÇΓöÇΓöÇΓöÇΓöÇΓöÇΓöÇΓöÇΓöÇΓöÇΓöÇΓöÇΓöÇΓöÇ  
   FAILED  Tests\Feature\Petugas\PetugasPetaniTest > petugas can reject petani                                                            
  Failed asserting that a row in the table [users] does not match the attributes {
    "id": 100
}.

Found similar results: [
    {
        "id": 100
    }
].

  at tests\Feature\Petugas\PetugasPetaniTest.php:76
     72Γûò         $petaniId = $petani->id;
     73Γûò 
     74Γûò         $response = $this->actingAs($petugas)->delete("/petugas/petani/{$petani->id}/reject");
     75Γûò 
  Γ₧£  76Γûò         $this->assertDatabaseMissing('users', [
     77Γûò             'id' => $petaniId,
     78Γûò         ]);
     79Γûò 
     80Γûò         $response->assertRedirect();

  ΓöÇΓöÇΓöÇΓöÇΓöÇΓöÇΓöÇΓöÇΓöÇΓöÇΓöÇΓöÇΓöÇΓöÇΓöÇΓöÇΓöÇΓöÇΓöÇΓöÇΓöÇΓöÇΓöÇΓöÇΓöÇΓöÇΓöÇΓöÇΓöÇΓöÇΓöÇΓöÇΓöÇΓöÇΓöÇΓöÇΓöÇΓöÇΓöÇΓöÇΓöÇΓöÇΓöÇΓöÇΓöÇΓöÇΓöÇΓöÇΓöÇΓöÇΓöÇΓöÇΓöÇΓöÇΓöÇΓöÇΓöÇΓöÇΓöÇΓöÇΓöÇΓöÇΓöÇΓöÇΓöÇΓöÇΓöÇΓöÇΓöÇΓöÇΓöÇΓöÇΓöÇΓöÇΓöÇΓöÇΓöÇΓöÇΓöÇΓöÇΓöÇΓöÇΓöÇΓöÇΓöÇΓöÇΓöÇΓöÇΓöÇΓöÇΓöÇΓöÇΓöÇΓöÇΓöÇΓöÇΓöÇΓöÇΓöÇΓöÇΓöÇΓöÇΓöÇΓöÇΓöÇΓöÇΓöÇΓöÇΓöÇΓöÇΓöÇΓöÇΓöÇΓöÇΓöÇΓöÇΓöÇΓöÇΓöÇΓöÇΓöÇΓöÇΓöÇΓöÇΓöÇΓöÇΓöÇΓöÇΓöÇΓöÇΓöÇΓöÇΓöÇΓöÇ  
   FAILED  Tests\Feature\SecurityFeaturesTest > email verification routes exist                                                           
  Route verification.notice should exist
Failed asserting that false is true.

  at tests\Feature\SecurityFeaturesTest.php:28
     24Γûò             'verification.resend',
     25Γûò         ];
     26Γûò 
     27Γûò         foreach ($routes as $routeName) {
  Γ₧£  28Γûò             $this->assertTrue(
     29Γûò                 \Route::has($routeName),
     30Γûò                 "Route {$routeName} should exist"
     31Γûò             );
     32Γûò         }

  1   tests\Feature\SecurityFeaturesTest.php:28

  ΓöÇΓöÇΓöÇΓöÇΓöÇΓöÇΓöÇΓöÇΓöÇΓöÇΓöÇΓöÇΓöÇΓöÇΓöÇΓöÇΓöÇΓöÇΓöÇΓöÇΓöÇΓöÇΓöÇΓöÇΓöÇΓöÇΓöÇΓöÇΓöÇΓöÇΓöÇΓöÇΓöÇΓöÇΓöÇΓöÇΓöÇΓöÇΓöÇΓöÇΓöÇΓöÇΓöÇΓöÇΓöÇΓöÇΓöÇΓöÇΓöÇΓöÇΓöÇΓöÇΓöÇΓöÇΓöÇΓöÇΓöÇΓöÇΓöÇΓöÇΓöÇΓöÇΓöÇΓöÇΓöÇΓöÇΓöÇΓöÇΓöÇΓöÇΓöÇΓöÇΓöÇΓöÇΓöÇΓöÇΓöÇΓöÇΓöÇΓöÇΓöÇΓöÇΓöÇΓöÇΓöÇΓöÇΓöÇΓöÇΓöÇΓöÇΓöÇΓöÇΓöÇΓöÇΓöÇΓöÇΓöÇΓöÇΓöÇΓöÇΓöÇΓöÇΓöÇΓöÇΓöÇΓöÇΓöÇΓöÇΓöÇΓöÇΓöÇΓöÇΓöÇΓöÇΓöÇΓöÇΓöÇΓöÇΓöÇΓöÇΓöÇΓöÇΓöÇΓöÇΓöÇΓöÇΓöÇΓöÇΓöÇΓöÇΓöÇΓöÇΓöÇΓöÇ  
   FAILED  Tests\Feature\SecurityFeaturesTest > unverified user cannot access protected routes                                            
  Unverified user should be blocked from protected routes
Failed asserting that false is true.

  at tests\Feature\SecurityFeaturesTest.php:264
    260Γûò 
    261Γûò         $response = $this->actingAs($user)->get('/dashboard');
    262Γûò 
    263Γûò         // Should redirect to verification notice
  Γ₧£ 264Γûò         $this->assertTrue(
    265Γûò             $response->isRedirect() || $response->status() === 403,
    266Γûò             'Unverified user should be blocked from protected routes'
    267Γûò         );
    268Γûò     }

  1   tests\Feature\SecurityFeaturesTest.php:264


  Tests:    65 failed, 88 passed (288 assertions)
  Duration: 13.01s

